Archive member included to satisfy reference by file (symbol)

c:/ac6/systemworkbench/plugins/fr.ac6.mcu.externaltools.arm-none.win32_1.17.0.201812190825/tools/compiler/bin/../lib/gcc/arm-none-eabi/7.3.1/thumb/v7e-m/fpv4-sp/hard\libgcc.a(_aeabi_uldivmod.o)
                              Drivers/STM32F4xx_HAL_Driver/Src/stm32f4xx_hal_rcc.o (__aeabi_uldivmod)
c:/ac6/systemworkbench/plugins/fr.ac6.mcu.externaltools.arm-none.win32_1.17.0.201812190825/tools/compiler/bin/../lib/gcc/arm-none-eabi/7.3.1/thumb/v7e-m/fpv4-sp/hard\libgcc.a(_udivmoddi4.o)
                              c:/ac6/systemworkbench/plugins/fr.ac6.mcu.externaltools.arm-none.win32_1.17.0.201812190825/tools/compiler/bin/../lib/gcc/arm-none-eabi/7.3.1/thumb/v7e-m/fpv4-sp/hard\libgcc.a(_aeabi_uldivmod.o) (__udivmoddi4)
c:/ac6/systemworkbench/plugins/fr.ac6.mcu.externaltools.arm-none.win32_1.17.0.201812190825/tools/compiler/bin/../lib/gcc/arm-none-eabi/7.3.1/thumb/v7e-m/fpv4-sp/hard\libgcc.a(_dvmd_tls.o)
                              c:/ac6/systemworkbench/plugins/fr.ac6.mcu.externaltools.arm-none.win32_1.17.0.201812190825/tools/compiler/bin/../lib/gcc/arm-none-eabi/7.3.1/thumb/v7e-m/fpv4-sp/hard\libgcc.a(_aeabi_uldivmod.o) (__aeabi_ldiv0)
c:/ac6/systemworkbench/plugins/fr.ac6.mcu.externaltools.arm-none.win32_1.17.0.201812190825/tools/compiler/bin/../lib/gcc/arm-none-eabi/7.3.1/../../../../arm-none-eabi/lib/thumb/v7e-m/fpv4-sp/hard\libc_nano.a(lib_a-exit.o)
                              c:/ac6/systemworkbench/plugins/fr.ac6.mcu.externaltools.arm-none.win32_1.17.0.201812190825/tools/compiler/bin/../lib/gcc/arm-none-eabi/7.3.1/../../../../arm-none-eabi/lib/thumb/v7e-m/fpv4-sp/hard/crt0.o (exit)
c:/ac6/systemworkbench/plugins/fr.ac6.mcu.externaltools.arm-none.win32_1.17.0.201812190825/tools/compiler/bin/../lib/gcc/arm-none-eabi/7.3.1/../../../../arm-none-eabi/lib/thumb/v7e-m/fpv4-sp/hard\libc_nano.a(lib_a-impure.o)
                              c:/ac6/systemworkbench/plugins/fr.ac6.mcu.externaltools.arm-none.win32_1.17.0.201812190825/tools/compiler/bin/../lib/gcc/arm-none-eabi/7.3.1/../../../../arm-none-eabi/lib/thumb/v7e-m/fpv4-sp/hard\libc_nano.a(lib_a-exit.o) (_global_impure_ptr)
c:/ac6/systemworkbench/plugins/fr.ac6.mcu.externaltools.arm-none.win32_1.17.0.201812190825/tools/compiler/bin/../lib/gcc/arm-none-eabi/7.3.1/../../../../arm-none-eabi/lib/thumb/v7e-m/fpv4-sp/hard\libc_nano.a(lib_a-init.o)
                              c:/ac6/systemworkbench/plugins/fr.ac6.mcu.externaltools.arm-none.win32_1.17.0.201812190825/tools/compiler/bin/../lib/gcc/arm-none-eabi/7.3.1/../../../../arm-none-eabi/lib/thumb/v7e-m/fpv4-sp/hard/crt0.o (__libc_init_array)
c:/ac6/systemworkbench/plugins/fr.ac6.mcu.externaltools.arm-none.win32_1.17.0.201812190825/tools/compiler/bin/../lib/gcc/arm-none-eabi/7.3.1/../../../../arm-none-eabi/lib/thumb/v7e-m/fpv4-sp/hard\libc_nano.a(lib_a-memset.o)
                              c:/ac6/systemworkbench/plugins/fr.ac6.mcu.externaltools.arm-none.win32_1.17.0.201812190825/tools/compiler/bin/../lib/gcc/arm-none-eabi/7.3.1/../../../../arm-none-eabi/lib/thumb/v7e-m/fpv4-sp/hard/crt0.o (memset)
c:/ac6/systemworkbench/plugins/fr.ac6.mcu.externaltools.arm-none.win32_1.17.0.201812190825/tools/compiler/bin/../lib/gcc/arm-none-eabi/7.3.1/../../../../arm-none-eabi/lib/thumb/v7e-m/fpv4-sp/hard\libnosys.a(_exit.o)
                              c:/ac6/systemworkbench/plugins/fr.ac6.mcu.externaltools.arm-none.win32_1.17.0.201812190825/tools/compiler/bin/../lib/gcc/arm-none-eabi/7.3.1/../../../../arm-none-eabi/lib/thumb/v7e-m/fpv4-sp/hard\libc_nano.a(lib_a-exit.o) (_exit)

Allocating common symbols
Common symbol       size              file

uwTick              0x4               Drivers/STM32F4xx_HAL_Driver/Src/stm32f4xx_hal.o
pFlash              0x20              Drivers/STM32F4xx_HAL_Driver/Src/stm32f4xx_hal_flash.o

Discarded input sections

 .text          0x00000000        0x0 c:/ac6/systemworkbench/plugins/fr.ac6.mcu.externaltools.arm-none.win32_1.17.0.201812190825/tools/compiler/bin/../lib/gcc/arm-none-eabi/7.3.1/thumb/v7e-m/fpv4-sp/hard/crti.o
 .data          0x00000000        0x0 c:/ac6/systemworkbench/plugins/fr.ac6.mcu.externaltools.arm-none.win32_1.17.0.201812190825/tools/compiler/bin/../lib/gcc/arm-none-eabi/7.3.1/thumb/v7e-m/fpv4-sp/hard/crti.o
 .bss           0x00000000        0x0 c:/ac6/systemworkbench/plugins/fr.ac6.mcu.externaltools.arm-none.win32_1.17.0.201812190825/tools/compiler/bin/../lib/gcc/arm-none-eabi/7.3.1/thumb/v7e-m/fpv4-sp/hard/crti.o
 .data          0x00000000        0x4 c:/ac6/systemworkbench/plugins/fr.ac6.mcu.externaltools.arm-none.win32_1.17.0.201812190825/tools/compiler/bin/../lib/gcc/arm-none-eabi/7.3.1/thumb/v7e-m/fpv4-sp/hard/crtbegin.o
 .text          0x00000000       0x74 c:/ac6/systemworkbench/plugins/fr.ac6.mcu.externaltools.arm-none.win32_1.17.0.201812190825/tools/compiler/bin/../lib/gcc/arm-none-eabi/7.3.1/../../../../arm-none-eabi/lib/thumb/v7e-m/fpv4-sp/hard/crt0.o
[...]
Memory Configuration

Name             Origin             Length             Attributes
RAM              0x20000000         0x00020000         xrw
CCMRAM           0x10000000         0x00010000         rw
FLASH            0x08000000         0x00100000         xr
*default*        0x00000000         0xffffffff

Linker script and memory map

LOAD c:/ac6/systemworkbench/plugins/fr.ac6.mcu.externaltools.arm-none.win32_1.17.0.201812190825/tools/compiler/bin/../lib/gcc/arm-none-eabi/7.3.1/thumb/v7e-m/fpv4-sp/hard/crti.o
LOAD c:/ac6/systemworkbench/plugins/fr.ac6.mcu.externaltools.arm-none.win32_1.17.0.201812190825/tools/compiler/bin/../lib/gcc/arm-none-eabi/7.3.1/thumb/v7e-m/fpv4-sp/hard/crtbegin.o
LOAD c:/ac6/systemworkbench/plugins/fr.ac6.mcu.externaltools.arm-none.win32_1.17.0.201812190825/tools/compiler/bin/../lib/gcc/arm-none-eabi/7.3.1/../../../../arm-none-eabi/lib/thumb/v7e-m/fpv4-sp/hard/crt0.o
LOAD Core/Src/gpio.o
LOAD Core/Src/main.o
LOAD Core/Src/stm32f4xx_hal_msp.o
LOAD Core/Src/stm32f4xx_it.o
LOAD Core/Src/system_stm32f4xx.o
LOAD Drivers/STM32F4xx_HAL_Driver/Src/stm32f4xx_hal.o
LOAD Drivers/STM32F4xx_HAL_Driver/Src/stm32f4xx_hal_cortex.o
LOAD Drivers/STM32F4xx_HAL_Driver/Src/stm32f4xx_hal_dma.o
LOAD Drivers/STM32F4xx_HAL_Driver/Src/stm32f4xx_hal_dma_ex.o
LOAD Drivers/STM32F4xx_HAL_Driver/Src/stm32f4xx_hal_flash.o
LOAD Drivers/STM32F4xx_HAL_Driver/Src/stm32f4xx_hal_flash_ex.o
LOAD Drivers/STM32F4xx_HAL_Driver/Src/stm32f4xx_hal_flash_ramfunc.o
LOAD Drivers/STM32F4xx_HAL_Driver/Src/stm32f4xx_hal_gpio.o
LOAD Drivers/STM32F4xx_HAL_Driver/Src/stm32f4xx_hal_pwr.o
LOAD Drivers/STM32F4xx_HAL_Driver/Src/stm32f4xx_hal_pwr_ex.o
LOAD Drivers/STM32F4xx_HAL_Driver/Src/stm32f4xx_hal_rcc.o
LOAD Drivers/STM32F4xx_HAL_Driver/Src/stm32f4xx_hal_rcc_ex.o
LOAD Drivers/STM32F4xx_HAL_Driver/Src/stm32f4xx_hal_tim.o
LOAD Drivers/STM32F4xx_HAL_Driver/Src/stm32f4xx_hal_tim_ex.o
LOAD startup/startup_stm32f407xx.o
LOAD c:/ac6/systemworkbench/plugins/fr.ac6.mcu.externaltools.arm-none.win32_1.17.0.201812190825/tools/compiler/bin/../lib/gcc/arm-none-eabi/7.3.1/../../../../arm-none-eabi/lib/thumb/v7e-m/fpv4-sp/hard\libm.a
START GROUP
LOAD c:/ac6/systemworkbench/plugins/fr.ac6.mcu.externaltools.arm-none.win32_1.17.0.201812190825/tools/compiler/bin/../lib/gcc/arm-none-eabi/7.3.1/thumb/v7e-m/fpv4-sp/hard\libgcc.a
LOAD c:/ac6/systemworkbench/plugins/fr.ac6.mcu.externaltools.arm-none.win32_1.17.0.201812190825/tools/compiler/bin/../lib/gcc/arm-none-eabi/7.3.1/../../../../arm-none-eabi/lib/thumb/v7e-m/fpv4-sp/hard\libc_nano.a
END GROUP
START GROUP
LOAD c:/ac6/systemworkbench/plugins/fr.ac6.mcu.externaltools.arm-none.win32_1.17.0.201812190825/tools/compiler/bin/../lib/gcc/arm-none-eabi/7.3.1/thumb/v7e-m/fpv4-sp/hard\libgcc.a
LOAD c:/ac6/systemworkbench/plugins/fr.ac6.mcu.externaltools.arm-none.win32_1.17.0.201812190825/tools/compiler/bin/../lib/gcc/arm-none-eabi/7.3.1/../../../../arm-none-eabi/lib/thumb/v7e-m/fpv4-sp/hard\libc_nano.a
LOAD c:/ac6/systemworkbench/plugins/fr.ac6.mcu.externaltools.arm-none.win32_1.17.0.201812190825/tools/compiler/bin/../lib/gcc/arm-none-eabi/7.3.1/../../../../arm-none-eabi/lib/thumb/v7e-m/fpv4-sp/hard\libnosys.a
END GROUP
START GROUP
LOAD c:/ac6/systemworkbench/plugins/fr.ac6.mcu.externaltools.arm-none.win32_1.17.0.201812190825/tools/compiler/bin/../lib/gcc/arm-none-eabi/7.3.1/thumb/v7e-m/fpv4-sp/hard\libgcc.a
LOAD c:/ac6/systemworkbench/plugins/fr.ac6.mcu.externaltools.arm-none.win32_1.17.0.201812190825/tools/compiler/bin/../lib/gcc/arm-none-eabi/7.3.1/../../../../arm-none-eabi/lib/thumb/v7e-m/fpv4-sp/hard\libc_nano.a
LOAD c:/ac6/systemworkbench/plugins/fr.ac6.mcu.externaltools.arm-none.win32_1.17.0.201812190825/tools/compiler/bin/../lib/gcc/arm-none-eabi/7.3.1/../../../../arm-none-eabi/lib/thumb/v7e-m/fpv4-sp/hard\libnosys.a
END GROUP
LOAD c:/ac6/systemworkbench/plugins/fr.ac6.mcu.externaltools.arm-none.win32_1.17.0.201812190825/tools/compiler/bin/../lib/gcc/arm-none-eabi/7.3.1/thumb/v7e-m/fpv4-sp/hard/crtend.o
LOAD c:/ac6/systemworkbench/plugins/fr.ac6.mcu.externaltools.arm-none.win32_1.17.0.201812190825/tools/compiler/bin/../lib/gcc/arm-none-eabi/7.3.1/thumb/v7e-m/fpv4-sp/hard/crtn.o
                0x20020000                _estack = 0x20020000
                0x00000200                _Min_Heap_Size = 0x200
                0x00000400                _Min_Stack_Size = 0x400

.isr_vector     0x08000000      0x188
                0x08000000                . = ALIGN (0x4)
 *(.isr_vector)
 .isr_vector    0x08000000      0x188 startup/startup_stm32f407xx.o
                0x08000000                g_pfnVectors
                0x08000188                . = ALIGN (0x4)

.text           0x08000188     0x1000
                0x08000188                . = ALIGN (0x4)
 *(.text)
 .text          0x08000188       0x40 c:/ac6/systemworkbench/plugins/fr.ac6.mcu.externaltools.arm-none.win32_1.17.0.201812190825/tools/compiler/bin/../lib/gcc/arm-none-eabi/7.3.1/thumb/v7e-m/fpv4-sp/hard/crtbegin.o
 .text          0x080001c8       0x30 c:/ac6/systemworkbench/plugins/fr.ac6.mcu.externaltools.arm-none.win32_1.17.0.201812190825/tools/compiler/bin/../lib/gcc/arm-none-eabi/7.3.1/thumb/v7e-m/fpv4-sp/hard\libgcc.a(_aeabi_uldivmod.o)
                0x080001c8                __aeabi_uldivmod
 .text          0x080001f8      0x2cc c:/ac6/systemworkbench/plugins/fr.ac6.mcu.externaltools.arm-none.win32_1.17.0.201812190825/tools/compiler/bin/../lib/gcc/arm-none-eabi/7.3.1/thumb/v7e-m/fpv4-sp/hard\libgcc.a(_udivmoddi4.o)
                0x080001f8                __udivmoddi4
 .text          0x080004c4        0x4 c:/ac6/systemworkbench/plugins/fr.ac6.mcu.externaltools.arm-none.win32_1.17.0.201812190825/tools/compiler/bin/../lib/gcc/arm-none-eabi/7.3.1/thumb/v7e-m/fpv4-sp/hard\libgcc.a(_dvmd_tls.o)
                0x080004c4                __aeabi_idiv0
                0x080004c4                __aeabi_ldiv0
 *(.text*)
 .text.MX_GPIO_Init
                0x080004c8       0xb0 Core/Src/gpio.o
                0x080004c8                MX_GPIO_Init
 .text.SystemClock_Config
                0x08000578       0x9c Core/Src/main.o
                0x08000578                SystemClock_Config
 .text.main     0x08000614       0x84 Core/Src/main.o
                0x08000614                main
 .text.HAL_MspInit
                0x08000698       0x38 Core/Src/stm32f4xx_hal_msp.o
                0x08000698                HAL_MspInit
 .text.NMI_Handler
                0x080006d0        0x2 Core/Src/stm32f4xx_it.o
                0x080006d0                NMI_Handler
 .text.HardFault_Handler
                0x080006d2        0x2 Core/Src/stm32f4xx_it.o
                0x080006d2                HardFault_Handler
 .text.MemManage_Handler
                0x080006d4        0x2 Core/Src/stm32f4xx_it.o
                0x080006d4                MemManage_Handler
 .text.BusFault_Handler
                0x080006d6        0x2 Core/Src/stm32f4xx_it.o
                0x080006d6                BusFault_Handler
 .text.UsageFault_Handler
                0x080006d8        0x2 Core/Src/stm32f4xx_it.o
                0x080006d8                UsageFault_Handler
 .text.SVC_Handler
                0x080006da        0x2 Core/Src/stm32f4xx_it.o
                0x080006da                SVC_Handler
 .text.DebugMon_Handler
                0x080006dc        0x2 Core/Src/stm32f4xx_it.o
                0x080006dc                DebugMon_Handler
 .text.PendSV_Handler
                0x080006de        0x2 Core/Src/stm32f4xx_it.o
                0x080006de                PendSV_Handler
 .text.SysTick_Handler
                0x080006e0        0x8 Core/Src/stm32f4xx_it.o
                0x080006e0                SysTick_Handler
 .text.SystemInit
                0x080006e8       0x4c Core/Src/system_stm32f4xx.o
                0x080006e8                SystemInit
 .text.HAL_InitTick
                0x08000734       0x48 Drivers/STM32F4xx_HAL_Driver/Src/stm32f4xx_hal.o
                0x08000734                HAL_InitTick
 .text.HAL_Init
                0x0800077c       0x34 Drivers/STM32F4xx_HAL_Driver/Src/stm32f4xx_hal.o
                0x0800077c                HAL_Init
 .text.HAL_IncTick
                0x080007b0       0x18 Drivers/STM32F4xx_HAL_Driver/Src/stm32f4xx_hal.o
                0x080007b0                HAL_IncTick
 .text.HAL_GetTick
                0x080007c8        0xc Drivers/STM32F4xx_HAL_Driver/Src/stm32f4xx_hal.o
                0x080007c8                HAL_GetTick
 .text.HAL_Delay
                0x080007d4       0x28 Drivers/STM32F4xx_HAL_Driver/Src/stm32f4xx_hal.o
                0x080007d4                HAL_Delay
 .text.HAL_NVIC_SetPriorityGrouping
                0x080007fc       0x24 Drivers/STM32F4xx_HAL_Driver/Src/stm32f4xx_hal_cortex.o
                0x080007fc                HAL_NVIC_SetPriorityGrouping
 .text.HAL_NVIC_SetPriority
                0x08000820       0x68 Drivers/STM32F4xx_HAL_Driver/Src/stm32f4xx_hal_cortex.o
                0x08000820                HAL_NVIC_SetPriority
 .text.HAL_SYSTICK_Config
                0x08000888       0x2c Drivers/STM32F4xx_HAL_Driver/Src/stm32f4xx_hal_cortex.o
                0x08000888                HAL_SYSTICK_Config
 .text.HAL_GPIO_Init
                0x080008b4      0x1c8 Drivers/STM32F4xx_HAL_Driver/Src/stm32f4xx_hal_gpio.o
                0x080008b4                HAL_GPIO_Init
 .text.HAL_GPIO_WritePin
                0x08000a7c        0xc Drivers/STM32F4xx_HAL_Driver/Src/stm32f4xx_hal_gpio.o
                0x08000a7c                HAL_GPIO_WritePin
 .text.HAL_GPIO_TogglePin
                0x08000a88        0x8 Drivers/STM32F4xx_HAL_Driver/Src/stm32f4xx_hal_gpio.o
                0x08000a88                HAL_GPIO_TogglePin
 .text.HAL_RCC_OscConfig
                0x08000a90      0x398 Drivers/STM32F4xx_HAL_Driver/Src/stm32f4xx_hal_rcc.o
                0x08000a90                HAL_RCC_OscConfig
 .text.HAL_RCC_MCOConfig
                0x08000e28       0x9c Drivers/STM32F4xx_HAL_Driver/Src/stm32f4xx_hal_rcc.o
                0x08000e28                HAL_RCC_MCOConfig
 .text.HAL_RCC_GetSysClockFreq
                0x08000ec4       0xa8 Drivers/STM32F4xx_HAL_Driver/Src/stm32f4xx_hal_rcc.o
                0x08000ec4                HAL_RCC_GetSysClockFreq
 .text.HAL_RCC_ClockConfig
                0x08000f6c      0x158 Drivers/STM32F4xx_HAL_Driver/Src/stm32f4xx_hal_rcc.o
                0x08000f6c                HAL_RCC_ClockConfig
 .text.Reset_Handler
                0x080010c4       0x50 startup/startup_stm32f407xx.o
                0x080010c4                Reset_Handler
 .text.Default_Handler
                0x08001114        0x2 startup/startup_stm32f407xx.o
                0x08001114                RTC_Alarm_IRQHandler
                0x08001114                HASH_RNG_IRQHandler
                0x08001114                EXTI2_IRQHandler
                0x08001114                TIM8_CC_IRQHandler
                0x08001114                TIM1_CC_IRQHandler
                0x08001114                DMA2_Stream5_IRQHandler
                0x08001114                DMA1_Stream5_IRQHandler
                0x08001114                PVD_IRQHandler
                0x08001114                SDIO_IRQHandler
                0x08001114                TAMP_STAMP_IRQHandler
                0x08001114                CAN2_RX1_IRQHandler
                0x08001114                EXTI3_IRQHandler
                0x08001114                TIM8_TRG_COM_TIM14_IRQHandler
                0x08001114                TIM1_UP_TIM10_IRQHandler
                0x08001114                TIM8_UP_TIM13_IRQHandler
                0x08001114                I2C3_ER_IRQHandler
                0x08001114                EXTI0_IRQHandler
                0x08001114                I2C2_EV_IRQHandler
                0x08001114                DMA1_Stream2_IRQHandler
                0x08001114                CAN1_RX0_IRQHandler
                0x08001114                FPU_IRQHandler
                0x08001114                OTG_HS_WKUP_IRQHandler
                0x08001114                CAN2_SCE_IRQHandler
                0x08001114                DMA2_Stream2_IRQHandler
                0x08001114                SPI1_IRQHandler
                0x08001114                TIM6_DAC_IRQHandler
                0x08001114                TIM1_BRK_TIM9_IRQHandler
                0x08001114                DCMI_IRQHandler
                0x08001114                CAN2_RX0_IRQHandler
                0x08001114                DMA2_Stream3_IRQHandler
                0x08001114                USART6_IRQHandler
                0x08001114                USART3_IRQHandler
                0x08001114                CAN1_RX1_IRQHandler
                0x08001114                UART5_IRQHandler
                0x08001114                DMA2_Stream0_IRQHandler
                0x08001114                TIM4_IRQHandler
                0x08001114                I2C1_EV_IRQHandler
                0x08001114                DMA1_Stream6_IRQHandler
                0x08001114                DMA1_Stream1_IRQHandler
                0x08001114                UART4_IRQHandler
                0x08001114                TIM3_IRQHandler
                0x08001114                RCC_IRQHandler
                0x08001114                TIM8_BRK_TIM12_IRQHandler
                0x08001114                Default_Handler
                0x08001114                EXTI15_10_IRQHandler
                0x08001114                ADC_IRQHandler
                0x08001114                DMA1_Stream7_IRQHandler
                0x08001114                TIM7_IRQHandler
                0x08001114                CAN2_TX_IRQHandler
                0x08001114                TIM5_IRQHandler
                0x08001114                DMA2_Stream7_IRQHandler
                0x08001114                I2C3_EV_IRQHandler
                0x08001114                EXTI9_5_IRQHandler
                0x08001114                RTC_WKUP_IRQHandler
                0x08001114                ETH_WKUP_IRQHandler
                0x08001114                SPI2_IRQHandler
                0x08001114                OTG_HS_EP1_IN_IRQHandler
                0x08001114                DMA1_Stream0_IRQHandler
                0x08001114                CAN1_TX_IRQHandler
                0x08001114                EXTI4_IRQHandler
                0x08001114                FSMC_IRQHandler
                0x08001114                ETH_IRQHandler
                0x08001114                OTG_HS_EP1_OUT_IRQHandler
                0x08001114                WWDG_IRQHandler
                0x08001114                TIM2_IRQHandler
                0x08001114                OTG_FS_WKUP_IRQHandler
                0x08001114                TIM1_TRG_COM_TIM11_IRQHandler
                0x08001114                OTG_HS_IRQHandler
                0x08001114                EXTI1_IRQHandler
                0x08001114                USART2_IRQHandler
                0x08001114                I2C2_ER_IRQHandler
                0x08001114                DMA2_Stream1_IRQHandler
                0x08001114                CAN1_SCE_IRQHandler
                0x08001114                FLASH_IRQHandler
                0x08001114                DMA2_Stream4_IRQHandler
                0x08001114                USART1_IRQHandler
                0x08001114                OTG_FS_IRQHandler
                0x08001114                SPI3_IRQHandler
                0x08001114                DMA1_Stream4_IRQHandler
                0x08001114                I2C1_ER_IRQHandler
                0x08001114                DMA2_Stream6_IRQHandler
                0x08001114                DMA1_Stream3_IRQHandler
 *fill*         0x08001116        0x2 
 .text.__libc_init_array
                0x08001118       0x48 c:/ac6/systemworkbench/plugins/fr.ac6.mcu.externaltools.arm-none.win32_1.17.0.201812190825/tools/compiler/bin/../lib/gcc/arm-none-eabi/7.3.1/../../../../arm-none-eabi/lib/thumb/v7e-m/fpv4-sp/hard\libc_nano.a(lib_a-init.o)
                0x08001118                __libc_init_array
 .text.memset   0x08001160       0x10 c:/ac6/systemworkbench/plugins/fr.ac6.mcu.externaltools.arm-none.win32_1.17.0.201812190825/tools/compiler/bin/../lib/gcc/arm-none-eabi/7.3.1/../../../../arm-none-eabi/lib/thumb/v7e-m/fpv4-sp/hard\libc_nano.a(lib_a-memset.o)
                0x08001160                memset
 *(.glue_7)
 .glue_7        0x08001170        0x0 linker stubs
 *(.glue_7t)
 .glue_7t       0x08001170        0x0 linker stubs
 *(.eh_frame)
 .eh_frame      0x08001170        0x0 c:/ac6/systemworkbench/plugins/fr.ac6.mcu.externaltools.arm-none.win32_1.17.0.201812190825/tools/compiler/bin/../lib/gcc/arm-none-eabi/7.3.1/thumb/v7e-m/fpv4-sp/hard/crtbegin.o
 *(.init)
 .init          0x08001170        0x4 c:/ac6/systemworkbench/plugins/fr.ac6.mcu.externaltools.arm-none.win32_1.17.0.201812190825/tools/compiler/bin/../lib/gcc/arm-none-eabi/7.3.1/thumb/v7e-m/fpv4-sp/hard/crti.o
                0x08001170                _init
 .init          0x08001174        0x8 c:/ac6/systemworkbench/plugins/fr.ac6.mcu.externaltools.arm-none.win32_1.17.0.201812190825/tools/compiler/bin/../lib/gcc/arm-none-eabi/7.3.1/thumb/v7e-m/fpv4-sp/hard/crtn.o
 *(.fini)
 .fini          0x0800117c        0x4 c:/ac6/systemworkbench/plugins/fr.ac6.mcu.externaltools.arm-none.win32_1.17.0.201812190825/tools/compiler/bin/../lib/gcc/arm-none-eabi/7.3.1/thumb/v7e-m/fpv4-sp/hard/crti.o
                0x0800117c                _fini
 .fini          0x08001180        0x8 c:/ac6/systemworkbench/plugins/fr.ac6.mcu.externaltools.arm-none.win32_1.17.0.201812190825/tools/compiler/bin/../lib/gcc/arm-none-eabi/7.3.1/thumb/v7e-m/fpv4-sp/hard/crtn.o
                0x08001188                . = ALIGN (0x4)
                0x08001188                _etext = .

.vfp11_veneer   0x08001188        0x0
 .vfp11_veneer  0x08001188        0x0 linker stubs

.v4_bx          0x08001188        0x0
 .v4_bx         0x08001188        0x0 linker stubs

.iplt           0x08001188        0x0
 .iplt          0x08001188        0x0 c:/ac6/systemworkbench/plugins/fr.ac6.mcu.externaltools.arm-none.win32_1.17.0.201812190825/tools/compiler/bin/../lib/gcc/arm-none-eabi/7.3.1/thumb/v7e-m/fpv4-sp/hard/crtbegin.o

.rodata         0x08001188       0x18
                0x08001188                . = ALIGN (0x4)
 *(.rodata)
 .rodata        0x08001188       0x18 Core/Src/system_stm32f4xx.o
                0x08001188                AHBPrescTable
                0x08001198                APBPrescTable
 *(.rodata*)
                0x080011a0                . = ALIGN (0x4)

.ARM.extab
 *(.ARM.extab* .gnu.linkonce.armextab.*)

.ARM            0x080011a0        0x8
                0x080011a0                __exidx_start = .
 *(.ARM.exidx*)
 .ARM.exidx     0x080011a0        0x8 c:/ac6/systemworkbench/plugins/fr.ac6.mcu.externaltools.arm-none.win32_1.17.0.201812190825/tools/compiler/bin/../lib/gcc/arm-none-eabi/7.3.1/thumb/v7e-m/fpv4-sp/hard\libgcc.a(_udivmoddi4.o)
                0x080011a8                __exidx_end = .

.rel.dyn        0x080011a8        0x0
 .rel.iplt      0x080011a8        0x0 c:/ac6/systemworkbench/plugins/fr.ac6.mcu.externaltools.arm-none.win32_1.17.0.201812190825/tools/compiler/bin/../lib/gcc/arm-none-eabi/7.3.1/thumb/v7e-m/fpv4-sp/hard/crtbegin.o

.preinit_array  0x080011a8        0x0
                0x080011a8                PROVIDE (__preinit_array_start = .)
 *(.preinit_array*)
                0x080011a8                PROVIDE (__preinit_array_end = .)

.init_array     0x080011a8        0x4
                0x080011a8                PROVIDE (__init_array_start = .)
 *(SORT_BY_NAME(.init_array.*))
 *(.init_array*)
 .init_array    0x080011a8        0x4 c:/ac6/systemworkbench/plugins/fr.ac6.mcu.externaltools.arm-none.win32_1.17.0.201812190825/tools/compiler/bin/../lib/gcc/arm-none-eabi/7.3.1/thumb/v7e-m/fpv4-sp/hard/crtbegin.o
                0x080011ac                PROVIDE (__init_array_end = .)

.fini_array     0x080011ac        0x4
                [!provide]                PROVIDE (__fini_array_start = .)
 *(SORT_BY_NAME(.fini_array.*))
 *(.fini_array*)
 .fini_array    0x080011ac        0x4 c:/ac6/systemworkbench/plugins/fr.ac6.mcu.externaltools.arm-none.win32_1.17.0.201812190825/tools/compiler/bin/../lib/gcc/arm-none-eabi/7.3.1/thumb/v7e-m/fpv4-sp/hard/crtbegin.o
                [!provide]                PROVIDE (__fini_array_end = .)
                0x080011b0                _sidata = LOADADDR (.data)

.data           0x20000000        0xc load address 0x080011b0
                0x20000000                . = ALIGN (0x4)
                0x20000000                _sdata = .
 *(.data)
 .data          0x20000000        0x4 Core/Src/system_stm32f4xx.o
                0x20000000                SystemCoreClock
 .data          0x20000004        0x8 Drivers/STM32F4xx_HAL_Driver/Src/stm32f4xx_hal.o
                0x20000004                uwTickFreq
                0x20000008                uwTickPrio
 *(.data*)
                0x2000000c                . = ALIGN (0x4)
                0x2000000c                _edata = .
                0x080011bc                _siccmram = LOADADDR (.ccmram)

.igot.plt       0x2000000c        0x0 load address 0x080011bc
 .igot.plt      0x2000000c        0x0 c:/ac6/systemworkbench/plugins/fr.ac6.mcu.externaltools.arm-none.win32_1.17.0.201812190825/tools/compiler/bin/../lib/gcc/arm-none-eabi/7.3.1/thumb/v7e-m/fpv4-sp/hard/crtbegin.o

.ccmram         0x10000000        0x0 load address 0x080011bc
                0x10000000                . = ALIGN (0x4)
                0x10000000                _sccmram = .
 *(.ccmram)
 *(.ccmram*)
                0x10000000                . = ALIGN (0x4)
                0x10000000                _eccmram = .
                0x10000000                . = ALIGN (0x4)

.bss            0x2000000c       0x20
                0x2000000c                _sbss = .
                0x2000000c                __bss_start__ = _sbss
 *(.bss)
 .bss           0x2000000c       0x1c c:/ac6/systemworkbench/plugins/fr.ac6.mcu.externaltools.arm-none.win32_1.17.0.201812190825/tools/compiler/bin/../lib/gcc/arm-none-eabi/7.3.1/thumb/v7e-m/fpv4-sp/hard/crtbegin.o
 *(.bss*)
 *(COMMON)
 COMMON         0x20000028        0x4 Drivers/STM32F4xx_HAL_Driver/Src/stm32f4xx_hal.o
                0x20000028                uwTick
                0x2000002c                . = ALIGN (0x4)
                0x2000002c                _ebss = .
                0x2000002c                __bss_end__ = _ebss

._user_heap_stack
                0x2000002c      0x604
                0x20000030                . = ALIGN (0x8)
 *fill*         0x2000002c        0x4 
                [!provide]                PROVIDE (end = .)
                [!provide]                PROVIDE (_end = .)
                0x20000230                . = (. + _Min_Heap_Size)
 *fill*         0x20000030      0x200 
                0x20000630                . = (. + _Min_Stack_Size)
 *fill*         0x20000230      0x400 
                0x20000630                . = ALIGN (0x8)

/DISCARD/
 libc.a(*)
 libm.a(*)
 libgcc.a(*)

.ARM.attributes
                0x00000000       0x30
 *(.ARM.attributes)
 .ARM.attributes
                0x00000000       0x22 c:/ac6/systemworkbench/plugins/fr.ac6.mcu.externaltools.arm-none.win32_1.17.0.201812190825/tools/compiler/bin/../lib/gcc/arm-none-eabi/7.3.1/thumb/v7e-m/fpv4-sp/hard/crti.o
 .ARM.attributes
                0x00000022       0x34 c:/ac6/systemworkbench/plugins/fr.ac6.mcu.externaltools.arm-none.win32_1.17.0.201812190825/tools/compiler/bin/../lib/gcc/arm-none-eabi/7.3.1/thumb/v7e-m/fpv4-sp/hard/crtbegin.o
 .ARM.attributes
                0x00000056       0x39 Core/Src/gpio.o
 .ARM.attributes
                0x0000008f       0x39 Core/Src/main.o
 .ARM.attributes
                0x000000c8       0x39 Core/Src/stm32f4xx_hal_msp.o
 .ARM.attributes
                0x00000101       0x39 Core/Src/stm32f4xx_it.o
 .ARM.attributes
                0x0000013a       0x39 Core/Src/system_stm32f4xx.o
 .ARM.attributes
                0x00000173       0x39 Drivers/STM32F4xx_HAL_Driver/Src/stm32f4xx_hal.o
 .ARM.attributes
                0x000001ac       0x39 Drivers/STM32F4xx_HAL_Driver/Src/stm32f4xx_hal_cortex.o
 .ARM.attributes
                0x000001e5       0x39 Drivers/STM32F4xx_HAL_Driver/Src/stm32f4xx_hal_gpio.o
 .ARM.attributes
                0x0000021e       0x39 Drivers/STM32F4xx_HAL_Driver/Src/stm32f4xx_hal_rcc.o
 .ARM.attributes
                0x00000257       0x21 startup/startup_stm32f407xx.o
 .ARM.attributes
                0x00000278       0x22 c:/ac6/systemworkbench/plugins/fr.ac6.mcu.externaltools.arm-none.win32_1.17.0.201812190825/tools/compiler/bin/../lib/gcc/arm-none-eabi/7.3.1/thumb/v7e-m/fpv4-sp/hard\libgcc.a(_aeabi_uldivmod.o)
 .ARM.attributes
                0x0000029a       0x34 c:/ac6/systemworkbench/plugins/fr.ac6.mcu.externaltools.arm-none.win32_1.17.0.201812190825/tools/compiler/bin/../lib/gcc/arm-none-eabi/7.3.1/thumb/v7e-m/fpv4-sp/hard\libgcc.a(_udivmoddi4.o)
 .ARM.attributes
                0x000002ce       0x22 c:/ac6/systemworkbench/plugins/fr.ac6.mcu.externaltools.arm-none.win32_1.17.0.201812190825/tools/compiler/bin/../lib/gcc/arm-none-eabi/7.3.1/thumb/v7e-m/fpv4-sp/hard\libgcc.a(_dvmd_tls.o)
 .ARM.attributes
                0x000002f0       0x34 c:/ac6/systemworkbench/plugins/fr.ac6.mcu.externaltools.arm-none.win32_1.17.0.201812190825/tools/compiler/bin/../lib/gcc/arm-none-eabi/7.3.1/../../../../arm-none-eabi/lib/thumb/v7e-m/fpv4-sp/hard\libc_nano.a(lib_a-init.o)
 .ARM.attributes
                0x00000324       0x34 c:/ac6/systemworkbench/plugins/fr.ac6.mcu.externaltools.arm-none.win32_1.17.0.201812190825/tools/compiler/bin/../lib/gcc/arm-none-eabi/7.3.1/../../../../arm-none-eabi/lib/thumb/v7e-m/fpv4-sp/hard\libc_nano.a(lib_a-memset.o)
 .ARM.attributes
                0x00000358       0x22 c:/ac6/systemworkbench/plugins/fr.ac6.mcu.externaltools.arm-none.win32_1.17.0.201812190825/tools/compiler/bin/../lib/gcc/arm-none-eabi/7.3.1/thumb/v7e-m/fpv4-sp/hard/crtn.o
OUTPUT(SDK_LED.elf elf32-littlearm)

.debug_info     0x00000000     0x8a33
 .debug_info    0x00000000      0xd0a Core/Src/gpio.o
 .debug_info    0x00000d0a      0xfa2 Core/Src/main.o
 .debug_info    0x00001cac      0xb32 Core/Src/stm32f4xx_hal_msp.o
 .debug_info    0x000027de      0x9ee Core/Src/stm32f4xx_it.o
 .debug_info    0x000031cc      0xd29 Core/Src/system_stm32f4xx.o
 .debug_info    0x00003ef5     0x11d9 Drivers/STM32F4xx_HAL_Driver/Src/stm32f4xx_hal.o
 .debug_info    0x000050ce     0x1755 Drivers/STM32F4xx_HAL_Driver/Src/stm32f4xx_hal_cortex.o
 .debug_info    0x00006823      0xf93 Drivers/STM32F4xx_HAL_Driver/Src/stm32f4xx_hal_gpio.o
 .debug_info    0x000077b6     0x125b Drivers/STM32F4xx_HAL_Driver/Src/stm32f4xx_hal_rcc.o
 .debug_info    0x00008a11       0x22 startup/startup_stm32f407xx.o

.debug_abbrev   0x00000000     0x172f
 .debug_abbrev  0x00000000      0x22b Core/Src/gpio.o
 .debug_abbrev  0x0000022b      0x28e Core/Src/main.o
 .debug_abbrev  0x000004b9      0x1e3 Core/Src/stm32f4xx_hal_msp.o
 .debug_abbrev  0x0000069c      0x1e7 Core/Src/stm32f4xx_it.o
 .debug_abbrev  0x00000883      0x205 Core/Src/system_stm32f4xx.o
 .debug_abbrev  0x00000a88      0x2e5 Drivers/STM32F4xx_HAL_Driver/Src/stm32f4xx_hal.o
 .debug_abbrev  0x00000d6d      0x3d6 Drivers/STM32F4xx_HAL_Driver/Src/stm32f4xx_hal_cortex.o
 .debug_abbrev  0x00001143      0x2a7 Drivers/STM32F4xx_HAL_Driver/Src/stm32f4xx_hal_gpio.o
 .debug_abbrev  0x000013ea      0x333 Drivers/STM32F4xx_HAL_Driver/Src/stm32f4xx_hal_rcc.o
 .debug_abbrev  0x0000171d       0x12 startup/startup_stm32f407xx.o

.debug_aranges  0x00000000      0x388
 .debug_aranges
                0x00000000       0x20 Core/Src/gpio.o
 .debug_aranges
                0x00000020       0x30 Core/Src/main.o
 .debug_aranges
                0x00000050       0x20 Core/Src/stm32f4xx_hal_msp.o
 .debug_aranges
                0x00000070       0x60 Core/Src/stm32f4xx_it.o
 .debug_aranges
                0x000000d0       0x28 Core/Src/system_stm32f4xx.o
 .debug_aranges
                0x000000f8       0xe0 Drivers/STM32F4xx_HAL_Driver/Src/stm32f4xx_hal.o
 .debug_aranges
                0x000001d8       0xa8 Drivers/STM32F4xx_HAL_Driver/Src/stm32f4xx_hal_cortex.o
 .debug_aranges
                0x00000280       0x58 Drivers/STM32F4xx_HAL_Driver/Src/stm32f4xx_hal_gpio.o
 .debug_aranges
                0x000002d8       0x88 Drivers/STM32F4xx_HAL_Driver/Src/stm32f4xx_hal_rcc.o
 .debug_aranges
                0x00000360       0x28 startup/startup_stm32f407xx.o

.debug_ranges   0x00000000      0x368
 .debug_ranges  0x00000000       0x10 Core/Src/gpio.o
 .debug_ranges  0x00000010       0x20 Core/Src/main.o
 .debug_ranges  0x00000030       0x10 Core/Src/stm32f4xx_hal_msp.o
 .debug_ranges  0x00000040       0x50 Core/Src/stm32f4xx_it.o
 .debug_ranges  0x00000090       0x18 Core/Src/system_stm32f4xx.o
 .debug_ranges  0x000000a8       0xd0 Drivers/STM32F4xx_HAL_Driver/Src/stm32f4xx_hal.o
 .debug_ranges  0x00000178       0xf8 Drivers/STM32F4xx_HAL_Driver/Src/stm32f4xx_hal_cortex.o
 .debug_ranges  0x00000270       0x48 Drivers/STM32F4xx_HAL_Driver/Src/stm32f4xx_hal_gpio.o
 .debug_ranges  0x000002b8       0x90 Drivers/STM32F4xx_HAL_Driver/Src/stm32f4xx_hal_rcc.o
 .debug_ranges  0x00000348       0x20 startup/startup_stm32f407xx.o

.debug_macro    0x00000000    0x1fbac
 .debug_macro   0x00000000      0x308 Core/Src/gpio.o
 .debug_macro   0x00000308      0xa60 Core/Src/gpio.o
 .debug_macro   0x00000d68      0x17a Core/Src/gpio.o
 .debug_macro   0x00000ee2       0x32 Core/Src/gpio.o
 .debug_macro   0x00000f14       0x2f Core/Src/gpio.o
 .debug_macro   0x00000f43       0x22 Core/Src/gpio.o
 .debug_macro   0x00000f65       0x8e Core/Src/gpio.o
 .debug_macro   0x00000ff3       0x51 Core/Src/gpio.o
 .debug_macro   0x00001044       0xef Core/Src/gpio.o
 .debug_macro   0x00001133       0x6a Core/Src/gpio.o
 .debug_macro   0x0000119d      0x1df Core/Src/gpio.o
 .debug_macro   0x0000137c       0x35 Core/Src/gpio.o
 .debug_macro   0x000013b1       0x50 Core/Src/gpio.o
 .debug_macro   0x00001401      0xe66 Core/Src/gpio.o
 .debug_macro   0x00002267    0x15d08 Core/Src/gpio.o
 .debug_macro   0x00017f6f       0x43 Core/Src/gpio.o
 .debug_macro   0x00017fb2     0x3535 Core/Src/gpio.o
 .debug_macro   0x0001b4e7       0x5e Core/Src/gpio.o
 .debug_macro   0x0001b545       0x18 Core/Src/gpio.o
 .debug_macro   0x0001b55d       0x35 Core/Src/gpio.o
 .debug_macro   0x0001b592       0x34 Core/Src/gpio.o
 .debug_macro   0x0001b5c6       0x16 Core/Src/gpio.o
 .debug_macro   0x0001b5dc       0x97 Core/Src/gpio.o
 .debug_macro   0x0001b673      0x330 Core/Src/gpio.o
 .debug_macro   0x0001b9a3       0xfd Core/Src/gpio.o
 .debug_macro   0x0001baa0       0x10 Core/Src/gpio.o
 .debug_macro   0x0001bab0       0x58 Core/Src/gpio.o
 .debug_macro   0x0001bb08       0x1f Core/Src/gpio.o
 .debug_macro   0x0001bb27       0x43 Core/Src/gpio.o
 .debug_macro   0x0001bb6a       0x20 Core/Src/gpio.o
 .debug_macro   0x0001bb8a      0x18e Core/Src/gpio.o
 .debug_macro   0x0001bd18       0x10 Core/Src/gpio.o
 .debug_macro   0x0001bd28       0x1c Core/Src/gpio.o
 .debug_macro   0x0001bd44       0x52 Core/Src/gpio.o
 .debug_macro   0x0001bd96       0x40 Core/Src/gpio.o
 .debug_macro   0x0001bdd6       0x10 Core/Src/gpio.o
 .debug_macro   0x0001bde6       0x40 Core/Src/gpio.o
 .debug_macro   0x0001be26       0xd7 Core/Src/gpio.o
 .debug_macro   0x0001befd       0x1c Core/Src/gpio.o
 .debug_macro   0x0001bf19       0x3d Core/Src/gpio.o
 .debug_macro   0x0001bf56       0x16 Core/Src/gpio.o
 .debug_macro   0x0001bf6c      0x16f Core/Src/gpio.o
 .debug_macro   0x0001c0db       0x50 Core/Src/gpio.o
 .debug_macro   0x0001c12b      0x96b Core/Src/gpio.o
 .debug_macro   0x0001ca96      0xa02 Core/Src/gpio.o
 .debug_macro   0x0001d498      0x11e Core/Src/gpio.o
 .debug_macro   0x0001d5b6      0x13e Core/Src/gpio.o
 .debug_macro   0x0001d6f4       0x27 Core/Src/gpio.o
 .debug_macro   0x0001d71b      0x287 Core/Src/gpio.o
 .debug_macro   0x0001d9a2       0x5f Core/Src/gpio.o
 .debug_macro   0x0001da01      0x23a Core/Src/gpio.o
 .debug_macro   0x0001dc3b      0x133 Core/Src/gpio.o
 .debug_macro   0x0001dd6e      0x21e Core/Src/gpio.o
 .debug_macro   0x0001df8c       0x2e Core/Src/gpio.o
 .debug_macro   0x0001dfba      0x11e Core/Src/gpio.o
 .debug_macro   0x0001e0d8       0x7f Core/Src/gpio.o
 .debug_macro   0x0001e157       0x89 Core/Src/gpio.o
 .debug_macro   0x0001e1e0      0x134 Core/Src/gpio.o
 .debug_macro   0x0001e314      0x30c Core/Src/main.o
 .debug_macro   0x0001e620      0x2fe Core/Src/stm32f4xx_hal_msp.o
 .debug_macro   0x0001e91e      0x308 Core/Src/stm32f4xx_it.o
 .debug_macro   0x0001ec26      0x2fa Core/Src/system_stm32f4xx.o
 .debug_macro   0x0001ef20      0x354 Drivers/STM32F4xx_HAL_Driver/Src/stm32f4xx_hal.o
 .debug_macro   0x0001f274      0x2f4 Drivers/STM32F4xx_HAL_Driver/Src/stm32f4xx_hal_cortex.o
 .debug_macro   0x0001f568      0x32c Drivers/STM32F4xx_HAL_Driver/Src/stm32f4xx_hal_gpio.o
 .debug_macro   0x0001f894      0x318 Drivers/STM32F4xx_HAL_Driver/Src/stm32f4xx_hal_rcc.o

.debug_line     0x00000000     0x4b1b
 .debug_line    0x00000000      0x74e Core/Src/gpio.o
 .debug_line    0x0000074e      0x7c3 Core/Src/main.o
 .debug_line    0x00000f11      0x743 Core/Src/stm32f4xx_hal_msp.o
 .debug_line    0x00001654      0x7d3 Core/Src/stm32f4xx_it.o
 .debug_line    0x00001e27      0x76a Core/Src/system_stm32f4xx.o
 .debug_line    0x00002591      0x91e Drivers/STM32F4xx_HAL_Driver/Src/stm32f4xx_hal.o
 .debug_line    0x00002eaf      0x979 Drivers/STM32F4xx_HAL_Driver/Src/stm32f4xx_hal_cortex.o
 .debug_line    0x00003828      0x8c1 Drivers/STM32F4xx_HAL_Driver/Src/stm32f4xx_hal_gpio.o
 .debug_line    0x000040e9      0x9b3 Drivers/STM32F4xx_HAL_Driver/Src/stm32f4xx_hal_rcc.o
 .debug_line    0x00004a9c       0x7f startup/startup_stm32f407xx.o

.debug_str      0x00000000    0xba1de
 .debug_str     0x00000000    0xb8bdd Core/Src/gpio.o
                              0xb8eb2 (size before relaxing)
 .debug_str     0x000b8bdd      0x1e3 Core/Src/main.o
                              0xb9017 (size before relaxing)
 .debug_str     0x000b8dc0       0x2c Core/Src/stm32f4xx_hal_msp.o
                              0xb8df7 (size before relaxing)
 .debug_str     0x000b8dec       0xc9 Core/Src/stm32f4xx_it.o
                              0xb8d91 (size before relaxing)
 .debug_str     0x000b8eb5       0xc4 Core/Src/system_stm32f4xx.o
                              0xb8e7e (size before relaxing)
 .debug_str     0x000b8f79      0xadc Drivers/STM32F4xx_HAL_Driver/Src/stm32f4xx_hal.o
                              0xb99e8 (size before relaxing)
 .debug_str     0x000b9a55      0x36b Drivers/STM32F4xx_HAL_Driver/Src/stm32f4xx_hal_cortex.o
                              0xb972a (size before relaxing)
 .debug_str     0x000b9dc0      0x1d9 Drivers/STM32F4xx_HAL_Driver/Src/stm32f4xx_hal_gpio.o
                              0xb90bd (size before relaxing)
 .debug_str     0x000b9f99      0x216 Drivers/STM32F4xx_HAL_Driver/Src/stm32f4xx_hal_rcc.o
                              0xb9287 (size before relaxing)
 .debug_str     0x000ba1af       0x2f startup/startup_stm32f407xx.o
                                 0x53 (size before relaxing)

.comment        0x00000000       0x7f
 .comment       0x00000000       0x7f Core/Src/gpio.o
                                 0x80 (size before relaxing)
 .comment       0x0000007f       0x80 Core/Src/main.o
 .comment       0x0000007f       0x80 Core/Src/stm32f4xx_hal_msp.o
 .comment       0x0000007f       0x80 Core/Src/stm32f4xx_it.o
 .comment       0x0000007f       0x80 Core/Src/system_stm32f4xx.o
 .comment       0x0000007f       0x80 Drivers/STM32F4xx_HAL_Driver/Src/stm32f4xx_hal.o
 .comment       0x0000007f       0x80 Drivers/STM32F4xx_HAL_Driver/Src/stm32f4xx_hal_cortex.o
 .comment       0x0000007f       0x80 Drivers/STM32F4xx_HAL_Driver/Src/stm32f4xx_hal_gpio.o
 .comment       0x0000007f       0x80 Drivers/STM32F4xx_HAL_Driver/Src/stm32f4xx_hal_rcc.o

.debug_frame    0x00000000      0x7bc
 .debug_frame   0x00000000       0x34 Core/Src/gpio.o
 .debug_frame   0x00000034       0x58 Core/Src/main.o
 .debug_frame   0x0000008c       0x28 Core/Src/stm32f4xx_hal_msp.o
 .debug_frame   0x000000b4       0xa8 Core/Src/stm32f4xx_it.o
 .debug_frame   0x0000015c       0x30 Core/Src/system_stm32f4xx.o
 .debug_frame   0x0000018c      0x1cc Drivers/STM32F4xx_HAL_Driver/Src/stm32f4xx_hal.o
 .debug_frame   0x00000358      0x15c Drivers/STM32F4xx_HAL_Driver/Src/stm32f4xx_hal_cortex.o
 .debug_frame   0x000004b4       0xd8 Drivers/STM32F4xx_HAL_Driver/Src/stm32f4xx_hal_gpio.o
 .debug_frame   0x0000058c      0x184 Drivers/STM32F4xx_HAL_Driver/Src/stm32f4xx_hal_rcc.o
 .debug_frame   0x00000710       0x2c c:/ac6/systemworkbench/plugins/fr.ac6.mcu.externaltools.arm-none.win32_1.17.0.201812190825/tools/compiler/bin/../lib/gcc/arm-none-eabi/7.3.1/thumb/v7e-m/fpv4-sp/hard\libgcc.a(_aeabi_uldivmod.o)
 .debug_frame   0x0000073c       0x34 c:/ac6/systemworkbench/plugins/fr.ac6.mcu.externaltools.arm-none.win32_1.17.0.201812190825/tools/compiler/bin/../lib/gcc/arm-none-eabi/7.3.1/thumb/v7e-m/fpv4-sp/hard\libgcc.a(_udivmoddi4.o)
 .debug_frame   0x00000770       0x2c c:/ac6/systemworkbench/plugins/fr.ac6.mcu.externaltools.arm-none.win32_1.17.0.201812190825/tools/compiler/bin/../lib/gcc/arm-none-eabi/7.3.1/../../../../arm-none-eabi/lib/thumb/v7e-m/fpv4-sp/hard\libc_nano.a(lib_a-init.o)
 .debug_frame   0x0000079c       0x20 c:/ac6/systemworkbench/plugins/fr.ac6.mcu.externaltools.arm-none.win32_1.17.0.201812190825/tools/compiler/bin/../lib/gcc/arm-none-eabi/7.3.1/../../../../arm-none-eabi/lib/thumb/v7e-m/fpv4-sp/hard\libc_nano.a(lib_a-memset.o)

.debug_loc      0x00000000     0x1063
 .debug_loc     0x00000000      0x13e Core/Src/system_stm32f4xx.o
 .debug_loc     0x0000013e       0xfd Drivers/STM32F4xx_HAL_Driver/Src/stm32f4xx_hal.o
 .debug_loc     0x0000023b      0x5ce Drivers/STM32F4xx_HAL_Driver/Src/stm32f4xx_hal_cortex.o
 .debug_loc     0x00000809      0x469 Drivers/STM32F4xx_HAL_Driver/Src/stm32f4xx_hal_gpio.o
 .debug_loc     0x00000c72      0x3f1 Drivers/STM32F4xx_HAL_Driver/Src/stm32f4xx_hal_rcc.o
