Archive member included to satisfy reference by file (symbol)

c:/ac6/systemworkbench/plugins/fr.ac6.mcu.externaltools.arm-none.win32_1.17.0.201812190825/tools/compiler/bin/../lib/gcc/arm-none-eabi/7.3.1/thumb/v7e-m/fpv4-sp/hard\libgcc.a(_aeabi_uldivmod.o)
                              Drivers/STM32F4xx_HAL_Driver/Src/stm32f4xx_hal_rcc.o (__aeabi_uldivmod)
c:/ac6/systemworkbench/plugins/fr.ac6.mcu.externaltools.arm-none.win32_1.17.0.201812190825/tools/compiler/bin/../lib/gcc/arm-none-eabi/7.3.1/thumb/v7e-m/fpv4-sp/hard\libgcc.a(_udivmoddi4.o)
                              c:/ac6/systemworkbench/plugins/fr.ac6.mcu.externaltools.arm-none.win32_1.17.0.201812190825/tools/compiler/bin/../lib/gcc/arm-none-eabi/7.3.1/thumb/v7e-m/fpv4-sp/hard\libgcc.a(_aeabi_uldivmod.o) (__udivmoddi4)
c:/ac6/systemworkbench/plugins/fr.ac6.mcu.externaltools.arm-none.win32_1.17.0.201812190825/tools/compiler/bin/../lib/gcc/arm-none-eabi/7.3.1/thumb/v7e-m/fpv4-sp/hard\libgcc.a(_dvmd_tls.o)
                              c:/ac6/systemworkbench/plugins/fr.ac6.mcu.externaltools.arm-none.win32_1.17.0.201812190825/tools/compiler/bin/../lib/gcc/arm-none-eabi/7.3.1/thumb/v7e-m/fpv4-sp/hard\libgcc.a(_aeabi_uldivmod.o) (__aeabi_ldiv0)
c:/ac6/systemworkbench/plugins/fr.ac6.mcu.externaltools.arm-none.win32_1.17.0.201812190825/tools/compiler/bin/../lib/gcc/arm-none-eabi/7.3.1/../../../../arm-none-eabi/lib/thumb/v7e-m/fpv4-sp/hard\libc_nano.a(lib_a-exit.o)
                              c:/ac6/systemworkbench/plugins/fr.ac6.mcu.externaltools.arm-none.win32_1.17.0.201812190825/tools/compiler/bin/../lib/gcc/arm-none-eabi/7.3.1/../../../../arm-none-eabi/lib/thumb/v7e-m/fpv4-sp/hard/crt0.o (exit)
c:/ac6/systemworkbench/plugins/fr.ac6.mcu.externaltools.arm-none.win32_1.17.0.201812190825/tools/compiler/bin/../lib/gcc/arm-none-eabi/7.3.1/../../../../arm-none-eabi/lib/thumb/v7e-m/fpv4-sp/hard\libc_nano.a(lib_a-impure.o)
                              c:/ac6/systemworkbench/plugins/fr.ac6.mcu.externaltools.arm-none.win32_1.17.0.201812190825/tools/compiler/bin/../lib/gcc/arm-none-eabi/7.3.1/../../../../arm-none-eabi/lib/thumb/v7e-m/fpv4-sp/hard\libc_nano.a(lib_a-exit.o) (_global_impure_ptr)
c:/ac6/systemworkbench/plugins/fr.ac6.mcu.externaltools.arm-none.win32_1.17.0.201812190825/tools/compiler/bin/../lib/gcc/arm-none-eabi/7.3.1/../../../../arm-none-eabi/lib/thumb/v7e-m/fpv4-sp/hard\libc_nano.a(lib_a-init.o)
                              c:/ac6/systemworkbench/plugins/fr.ac6.mcu.externaltools.arm-none.win32_1.17.0.201812190825/tools/compiler/bin/../lib/gcc/arm-none-eabi/7.3.1/../../../../arm-none-eabi/lib/thumb/v7e-m/fpv4-sp/hard/crt0.o (__libc_init_array)
c:/ac6/systemworkbench/plugins/fr.ac6.mcu.externaltools.arm-none.win32_1.17.0.201812190825/tools/compiler/bin/../lib/gcc/arm-none-eabi/7.3.1/../../../../arm-none-eabi/lib/thumb/v7e-m/fpv4-sp/hard\libc_nano.a(lib_a-memset.o)
                              c:/ac6/systemworkbench/plugins/fr.ac6.mcu.externaltools.arm-none.win32_1.17.0.201812190825/tools/compiler/bin/../lib/gcc/arm-none-eabi/7.3.1/../../../../arm-none-eabi/lib/thumb/v7e-m/fpv4-sp/hard/crt0.o (memset)
c:/ac6/systemworkbench/plugins/fr.ac6.mcu.externaltools.arm-none.win32_1.17.0.201812190825/tools/compiler/bin/../lib/gcc/arm-none-eabi/7.3.1/../../../../arm-none-eabi/lib/thumb/v7e-m/fpv4-sp/hard\libnosys.a(_exit.o)
                              c:/ac6/systemworkbench/plugins/fr.ac6.mcu.externaltools.arm-none.win32_1.17.0.201812190825/tools/compiler/bin/../lib/gcc/arm-none-eabi/7.3.1/../../../../arm-none-eabi/lib/thumb/v7e-m/fpv4-sp/hard\libc_nano.a(lib_a-exit.o) (_exit)

Allocating common symbols
Common symbol       size              file

hi2c1               0x54              Core/Src/i2c.o
uwTick              0x4               Drivers/STM32F4xx_HAL_Driver/Src/stm32f4xx_hal.o
pFlash              0x20              Drivers/STM32F4xx_HAL_Driver/Src/stm32f4xx_hal_flash.o
huart1              0x40              Core/Src/usart.o

Discarded input sections

 .text          0x00000000        0x0 c:/ac6/systemworkbench/plugins/fr.ac6.mcu.externaltools.arm-none.win32_1.17.0.201812190825/tools/compiler/bin/../lib/gcc/arm-none-eabi/7.3.1/thumb/v7e-m/fpv4-sp/hard/crti.o
 .data          0x00000000        0x0 c:/ac6/systemworkbench/plugins/fr.ac6.mcu.externaltools.arm-none.win32_1.17.0.201812190825/tools/compiler/bin/../lib/gcc/arm-none-eabi/7.3.1/thumb/v7e-m/fpv4-sp/hard/crti.o
 .bss           0x00000000        0x0 c:/ac6/systemworkbench/plugins/fr.ac6.mcu.externaltools.arm-none.win32_1.17.0.201812190825/tools/compiler/bin/../lib/gcc/arm-none-eabi/7.3.1/thumb/v7e-m/fpv4-sp/hard/crti.o
 .data          0x00000000        0x4 c:/ac6/systemworkbench/plugins/fr.ac6.mcu.externaltools.arm-none.win32_1.17.0.201812190825/tools/compiler/bin/../lib/gcc/arm-none-eabi/7.3.1/thumb/v7e-m/fpv4-sp/hard/crtbegin.o
[...]
Memory Configuration

Name             Origin             Length             Attributes
RAM              0x20000000         0x00020000         xrw
CCMRAM           0x10000000         0x00010000         rw
FLASH            0x08000000         0x00100000         xr
*default*        0x00000000         0xffffffff

Linker script and memory map

LOAD c:/ac6/systemworkbench/plugins/fr.ac6.mcu.externaltools.arm-none.win32_1.17.0.201812190825/tools/compiler/bin/../lib/gcc/arm-none-eabi/7.3.1/thumb/v7e-m/fpv4-sp/hard/crti.o
LOAD c:/ac6/systemworkbench/plugins/fr.ac6.mcu.externaltools.arm-none.win32_1.17.0.201812190825/tools/compiler/bin/../lib/gcc/arm-none-eabi/7.3.1/thumb/v7e-m/fpv4-sp/hard/crtbegin.o
LOAD c:/ac6/systemworkbench/plugins/fr.ac6.mcu.externaltools.arm-none.win32_1.17.0.201812190825/tools/compiler/bin/../lib/gcc/arm-none-eabi/7.3.1/../../../../arm-none-eabi/lib/thumb/v7e-m/fpv4-sp/hard/crt0.o
LOAD Core/Src/fonts.o
LOAD Core/Src/gpio.o
LOAD Core/Src/i2c.o
LOAD Core/Src/main.o
LOAD Core/Src/oled.o
LOAD Core/Src/stm32f4xx_hal_msp.o
LOAD Core/Src/stm32f4xx_it.o
LOAD Core/Src/system_stm32f4xx.o
LOAD Core/Src/usart.o
LOAD Drivers/STM32F4xx_HAL_Driver/Src/stm32f4xx_hal.o
LOAD Drivers/STM32F4xx_HAL_Driver/Src/stm32f4xx_hal_cortex.o
LOAD Drivers/STM32F4xx_HAL_Driver/Src/stm32f4xx_hal_dma.o
LOAD Drivers/STM32F4xx_HAL_Driver/Src/stm32f4xx_hal_dma_ex.o
LOAD Drivers/STM32F4xx_HAL_Driver/Src/stm32f4xx_hal_flash.o
LOAD Drivers/STM32F4xx_HAL_Driver/Src/stm32f4xx_hal_flash_ex.o
LOAD Drivers/STM32F4xx_HAL_Driver/Src/stm32f4xx_hal_flash_ramfunc.o
LOAD Drivers/STM32F4xx_HAL_Driver/Src/stm32f4xx_hal_gpio.o
LOAD Drivers/STM32F4xx_HAL_Driver/Src/stm32f4xx_hal_i2c.o
LOAD Drivers/STM32F4xx_HAL_Driver/Src/stm32f4xx_hal_i2c_ex.o
LOAD Drivers/STM32F4xx_HAL_Driver/Src/stm32f4xx_hal_pwr.o
LOAD Drivers/STM32F4xx_HAL_Driver/Src/stm32f4xx_hal_pwr_ex.o
LOAD Drivers/STM32F4xx_HAL_Driver/Src/stm32f4xx_hal_rcc.o
LOAD Drivers/STM32F4xx_HAL_Driver/Src/stm32f4xx_hal_rcc_ex.o
LOAD Drivers/STM32F4xx_HAL_Driver/Src/stm32f4xx_hal_tim.o
LOAD Drivers/STM32F4xx_HAL_Driver/Src/stm32f4xx_hal_tim_ex.o
LOAD Drivers/STM32F4xx_HAL_Driver/Src/stm32f4xx_hal_uart.o
LOAD startup/startup_stm32f407xx.o
LOAD c:/ac6/systemworkbench/plugins/fr.ac6.mcu.externaltools.arm-none.win32_1.17.0.201812190825/tools/compiler/bin/../lib/gcc/arm-none-eabi/7.3.1/../../../../arm-none-eabi/lib/thumb/v7e-m/fpv4-sp/hard\libm.a
START GROUP
LOAD c:/ac6/systemworkbench/plugins/fr.ac6.mcu.externaltools.arm-none.win32_1.17.0.201812190825/tools/compiler/bin/../lib/gcc/arm-none-eabi/7.3.1/thumb/v7e-m/fpv4-sp/hard\libgcc.a
LOAD c:/ac6/systemworkbench/plugins/fr.ac6.mcu.externaltools.arm-none.win32_1.17.0.201812190825/tools/compiler/bin/../lib/gcc/arm-none-eabi/7.3.1/../../../../arm-none-eabi/lib/thumb/v7e-m/fpv4-sp/hard\libc_nano.a
END GROUP
START GROUP
LOAD c:/ac6/systemworkbench/plugins/fr.ac6.mcu.externaltools.arm-none.win32_1.17.0.201812190825/tools/compiler/bin/../lib/gcc/arm-none-eabi/7.3.1/thumb/v7e-m/fpv4-sp/hard\libgcc.a
LOAD c:/ac6/systemworkbench/plugins/fr.ac6.mcu.externaltools.arm-none.win32_1.17.0.201812190825/tools/compiler/bin/../lib/gcc/arm-none-eabi/7.3.1/../../../../arm-none-eabi/lib/thumb/v7e-m/fpv4-sp/hard\libc_nano.a
LOAD c:/ac6/systemworkbench/plugins/fr.ac6.mcu.externaltools.arm-none.win32_1.17.0.201812190825/tools/compiler/bin/../lib/gcc/arm-none-eabi/7.3.1/../../../../arm-none-eabi/lib/thumb/v7e-m/fpv4-sp/hard\libnosys.a
END GROUP
START GROUP
LOAD c:/ac6/systemworkbench/plugins/fr.ac6.mcu.externaltools.arm-none.win32_1.17.0.201812190825/tools/compiler/bin/../lib/gcc/arm-none-eabi/7.3.1/thumb/v7e-m/fpv4-sp/hard\libgcc.a
LOAD c:/ac6/systemworkbench/plugins/fr.ac6.mcu.externaltools.arm-none.win32_1.17.0.201812190825/tools/compiler/bin/../lib/gcc/arm-none-eabi/7.3.1/../../../../arm-none-eabi/lib/thumb/v7e-m/fpv4-sp/hard\libc_nano.a
LOAD c:/ac6/systemworkbench/plugins/fr.ac6.mcu.externaltools.arm-none.win32_1.17.0.201812190825/tools/compiler/bin/../lib/gcc/arm-none-eabi/7.3.1/../../../../arm-none-eabi/lib/thumb/v7e-m/fpv4-sp/hard\libnosys.a
END GROUP
LOAD c:/ac6/systemworkbench/plugins/fr.ac6.mcu.externaltools.arm-none.win32_1.17.0.201812190825/tools/compiler/bin/../lib/gcc/arm-none-eabi/7.3.1/thumb/v7e-m/fpv4-sp/hard/crtend.o
LOAD c:/ac6/systemworkbench/plugins/fr.ac6.mcu.externaltools.arm-none.win32_1.17.0.201812190825/tools/compiler/bin/../lib/gcc/arm-none-eabi/7.3.1/thumb/v7e-m/fpv4-sp/hard/crtn.o
                0x20020000                _estack = 0x20020000
                0x00000200                _Min_Heap_Size = 0x200
                0x00000400                _Min_Stack_Size = 0x400

.isr_vector     0x08000000      0x188
                0x08000000                . = ALIGN (0x4)
 *(.isr_vector)
 .isr_vector    0x08000000      0x188 startup/startup_stm32f407xx.o
                0x08000000                g_pfnVectors
                0x08000188                . = ALIGN (0x4)

.text           0x08000188     0x1cb8
                0x08000188                . = ALIGN (0x4)
 *(.text)
 .text          0x08000188       0x40 c:/ac6/systemworkbench/plugins/fr.ac6.mcu.externaltools.arm-none.win32_1.17.0.201812190825/tools/compiler/bin/../lib/gcc/arm-none-eabi/7.3.1/thumb/v7e-m/fpv4-sp/hard/crtbegin.o
 .text          0x080001c8       0x30 c:/ac6/systemworkbench/plugins/fr.ac6.mcu.externaltools.arm-none.win32_1.17.0.201812190825/tools/compiler/bin/../lib/gcc/arm-none-eabi/7.3.1/thumb/v7e-m/fpv4-sp/hard\libgcc.a(_aeabi_uldivmod.o)
                0x080001c8                __aeabi_uldivmod
 .text          0x080001f8      0x2cc c:/ac6/systemworkbench/plugins/fr.ac6.mcu.externaltools.arm-none.win32_1.17.0.201812190825/tools/compiler/bin/../lib/gcc/arm-none-eabi/7.3.1/thumb/v7e-m/fpv4-sp/hard\libgcc.a(_udivmoddi4.o)
                0x080001f8                __udivmoddi4
 .text          0x080004c4        0x4 c:/ac6/systemworkbench/plugins/fr.ac6.mcu.externaltools.arm-none.win32_1.17.0.201812190825/tools/compiler/bin/../lib/gcc/arm-none-eabi/7.3.1/thumb/v7e-m/fpv4-sp/hard\libgcc.a(_dvmd_tls.o)
                0x080004c4                __aeabi_idiv0
                0x080004c4                __aeabi_ldiv0
 *(.text*)
 .text.MX_GPIO_Init
                0x080004c8       0x6c Core/Src/gpio.o
                0x080004c8                MX_GPIO_Init
 .text.MX_I2C1_Init
                0x08000534       0x3c Core/Src/i2c.o
                0x08000534                MX_I2C1_Init
 .text.HAL_I2C_MspInit
                0x08000570       0x74 Core/Src/i2c.o
                0x08000570                HAL_I2C_MspInit
 .text.SystemClock_Config
                0x080005e4       0x9c Core/Src/main.o
                0x080005e4                SystemClock_Config
 .text.main     0x08000680       0x70 Core/Src/main.o
                0x08000680                main
 .text.Error_Handler
                0x080006f0        0x2 Core/Src/main.o
                0x080006f0                Error_Handler
 *fill*         0x080006f2        0x2 
 .text.oled_WriteCommand
                0x080006f4       0x28 Core/Src/oled.o
 .text.oled_Fill
                0x0800071c       0x20 Core/Src/oled.o
                0x0800071c                oled_Fill
 .text.oled_UpdateScreen
                0x0800073c       0x50 Core/Src/oled.o
                0x0800073c                oled_UpdateScreen
 .text.oled_Init
                0x0800078c       0xd4 Core/Src/oled.o
                0x0800078c                oled_Init
 .text.oled_DrawPixel
                0x08000860       0x54 Core/Src/oled.o
                0x08000860                oled_DrawPixel
 .text.oled_WriteChar
                0x080008b4       0xb4 Core/Src/oled.o
                0x080008b4                oled_WriteChar
 .text.oled_WriteString
                0x08000968       0x30 Core/Src/oled.o
                0x08000968                oled_WriteString
 .text.oled_SetCursor
                0x08000998       0x10 Core/Src/oled.o
                0x08000998                oled_SetCursor
 .text.HAL_MspInit
                0x080009a8       0x38 Core/Src/stm32f4xx_hal_msp.o
                0x080009a8                HAL_MspInit
 .text.NMI_Handler
                0x080009e0        0x2 Core/Src/stm32f4xx_it.o
                0x080009e0                NMI_Handler
 .text.HardFault_Handler
                0x080009e2        0x2 Core/Src/stm32f4xx_it.o
                0x080009e2                HardFault_Handler
 .text.MemManage_Handler
                0x080009e4        0x2 Core/Src/stm32f4xx_it.o
                0x080009e4                MemManage_Handler
 .text.BusFault_Handler
                0x080009e6        0x2 Core/Src/stm32f4xx_it.o
                0x080009e6                BusFault_Handler
 .text.UsageFault_Handler
                0x080009e8        0x2 Core/Src/stm32f4xx_it.o
                0x080009e8                UsageFault_Handler
 .text.SVC_Handler
                0x080009ea        0x2 Core/Src/stm32f4xx_it.o
                0x080009ea                SVC_Handler
 .text.DebugMon_Handler
                0x080009ec        0x2 Core/Src/stm32f4xx_it.o
                0x080009ec                DebugMon_Handler
 .text.PendSV_Handler
                0x080009ee        0x2 Core/Src/stm32f4xx_it.o
                0x080009ee                PendSV_Handler
 .text.SysTick_Handler
                0x080009f0        0x8 Core/Src/stm32f4xx_it.o
                0x080009f0                SysTick_Handler
 .text.SystemInit
                0x080009f8       0x4c Core/Src/system_stm32f4xx.o
                0x080009f8                SystemInit
 .text.MX_USART1_UART_Init
                0x08000a44       0x34 Core/Src/usart.o
                0x08000a44                MX_USART1_UART_Init
 .text.HAL_UART_MspInit
                0x08000a78       0x78 Core/Src/usart.o
                0x08000a78                HAL_UART_MspInit
 .text.HAL_InitTick
                0x08000af0       0x48 Drivers/STM32F4xx_HAL_Driver/Src/stm32f4xx_hal.o
                0x08000af0                HAL_InitTick
 .text.HAL_Init
                0x08000b38       0x34 Drivers/STM32F4xx_HAL_Driver/Src/stm32f4xx_hal.o
                0x08000b38                HAL_Init
 .text.HAL_IncTick
                0x08000b6c       0x18 Drivers/STM32F4xx_HAL_Driver/Src/stm32f4xx_hal.o
                0x08000b6c                HAL_IncTick
 .text.HAL_GetTick
                0x08000b84        0xc Drivers/STM32F4xx_HAL_Driver/Src/stm32f4xx_hal.o
                0x08000b84                HAL_GetTick
 .text.HAL_Delay
                0x08000b90       0x28 Drivers/STM32F4xx_HAL_Driver/Src/stm32f4xx_hal.o
                0x08000b90                HAL_Delay
 .text.HAL_NVIC_SetPriorityGrouping
                0x08000bb8       0x24 Drivers/STM32F4xx_HAL_Driver/Src/stm32f4xx_hal_cortex.o
                0x08000bb8                HAL_NVIC_SetPriorityGrouping
 .text.HAL_NVIC_SetPriority
                0x08000bdc       0x68 Drivers/STM32F4xx_HAL_Driver/Src/stm32f4xx_hal_cortex.o
                0x08000bdc                HAL_NVIC_SetPriority
 .text.HAL_SYSTICK_Config
                0x08000c44       0x2c Drivers/STM32F4xx_HAL_Driver/Src/stm32f4xx_hal_cortex.o
                0x08000c44                HAL_SYSTICK_Config
 .text.HAL_GPIO_Init
                0x08000c70      0x1c8 Drivers/STM32F4xx_HAL_Driver/Src/stm32f4xx_hal_gpio.o
                0x08000c70                HAL_GPIO_Init
 .text.I2C_IsAcknowledgeFailed
                0x08000e38       0x2a Drivers/STM32F4xx_HAL_Driver/Src/stm32f4xx_hal_i2c.o
 .text.I2C_WaitOnFlagUntilTimeout
                0x08000e62       0x68 Drivers/STM32F4xx_HAL_Driver/Src/stm32f4xx_hal_i2c.o
 .text.I2C_WaitOnMasterAddressFlagUntilTimeout
                0x08000eca       0x90 Drivers/STM32F4xx_HAL_Driver/Src/stm32f4xx_hal_i2c.o
 .text.I2C_WaitOnTXEFlagUntilTimeout
                0x08000f5a       0x4e Drivers/STM32F4xx_HAL_Driver/Src/stm32f4xx_hal_i2c.o
 .text.I2C_RequestMemoryWrite
                0x08000fa8       0xd8 Drivers/STM32F4xx_HAL_Driver/Src/stm32f4xx_hal_i2c.o
 .text.I2C_WaitOnBTFFlagUntilTimeout
                0x08001080       0x4e Drivers/STM32F4xx_HAL_Driver/Src/stm32f4xx_hal_i2c.o
 *fill*         0x080010ce        0x2 
 .text.HAL_I2C_Init
                0x080010d0      0x11c Drivers/STM32F4xx_HAL_Driver/Src/stm32f4xx_hal_i2c.o
                0x080010d0                HAL_I2C_Init
 .text.HAL_I2C_Mem_Write
                0x080011ec      0x17c Drivers/STM32F4xx_HAL_Driver/Src/stm32f4xx_hal_i2c.o
                0x080011ec                HAL_I2C_Mem_Write
 .text.HAL_RCC_OscConfig
                0x08001368      0x398 Drivers/STM32F4xx_HAL_Driver/Src/stm32f4xx_hal_rcc.o
                0x08001368                HAL_RCC_OscConfig
 .text.HAL_RCC_MCOConfig
                0x08001700       0x9c Drivers/STM32F4xx_HAL_Driver/Src/stm32f4xx_hal_rcc.o
                0x08001700                HAL_RCC_MCOConfig
 .text.HAL_RCC_GetSysClockFreq
                0x0800179c       0xa8 Drivers/STM32F4xx_HAL_Driver/Src/stm32f4xx_hal_rcc.o
                0x0800179c                HAL_RCC_GetSysClockFreq
 .text.HAL_RCC_ClockConfig
                0x08001844      0x158 Drivers/STM32F4xx_HAL_Driver/Src/stm32f4xx_hal_rcc.o
                0x08001844                HAL_RCC_ClockConfig
 .text.HAL_RCC_GetHCLKFreq
                0x0800199c        0xc Drivers/STM32F4xx_HAL_Driver/Src/stm32f4xx_hal_rcc.o
                0x0800199c                HAL_RCC_GetHCLKFreq
 .text.HAL_RCC_GetPCLK1Freq
                0x080019a8       0x20 Drivers/STM32F4xx_HAL_Driver/Src/stm32f4xx_hal_rcc.o
                0x080019a8                HAL_RCC_GetPCLK1Freq
 .text.HAL_RCC_GetPCLK2Freq
                0x080019c8       0x20 Drivers/STM32F4xx_HAL_Driver/Src/stm32f4xx_hal_rcc.o
                0x080019c8                HAL_RCC_GetPCLK2Freq
 .text.UART_SetConfig
                0x080019e8      0x334 Drivers/STM32F4xx_HAL_Driver/Src/stm32f4xx_hal_uart.o
 .text.HAL_UART_Init
                0x08001d1c       0x5e Drivers/STM32F4xx_HAL_Driver/Src/stm32f4xx_hal_uart.o
                0x08001d1c                HAL_UART_Init
 *fill*         0x08001d7a        0x2 
 .text.Reset_Handler
                0x08001d7c       0x50 startup/startup_stm32f407xx.o
                0x08001d7c                Reset_Handler
 .text.Default_Handler
                0x08001dcc        0x2 startup/startup_stm32f407xx.o
                0x08001dcc                RTC_Alarm_IRQHandler
                0x08001dcc                HASH_RNG_IRQHandler
                0x08001dcc                EXTI2_IRQHandler
                0x08001dcc                TIM8_CC_IRQHandler
                0x08001dcc                TIM1_CC_IRQHandler
                0x08001dcc                DMA2_Stream5_IRQHandler
                0x08001dcc                DMA1_Stream5_IRQHandler
                0x08001dcc                PVD_IRQHandler
                0x08001dcc                SDIO_IRQHandler
                0x08001dcc                TAMP_STAMP_IRQHandler
                0x08001dcc                CAN2_RX1_IRQHandler
                0x08001dcc                EXTI3_IRQHandler
                0x08001dcc                TIM8_TRG_COM_TIM14_IRQHandler
                0x08001dcc                TIM1_UP_TIM10_IRQHandler
                0x08001dcc                TIM8_UP_TIM13_IRQHandler
                0x08001dcc                I2C3_ER_IRQHandler
                0x08001dcc                EXTI0_IRQHandler
                0x08001dcc                I2C2_EV_IRQHandler
                0x08001dcc                DMA1_Stream2_IRQHandler
                0x08001dcc                CAN1_RX0_IRQHandler
                0x08001dcc                FPU_IRQHandler
                0x08001dcc                OTG_HS_WKUP_IRQHandler
                0x08001dcc                CAN2_SCE_IRQHandler
                0x08001dcc                DMA2_Stream2_IRQHandler
                0x08001dcc                SPI1_IRQHandler
                0x08001dcc                TIM6_DAC_IRQHandler
                0x08001dcc                TIM1_BRK_TIM9_IRQHandler
                0x08001dcc                DCMI_IRQHandler
                0x08001dcc                CAN2_RX0_IRQHandler
                0x08001dcc                DMA2_Stream3_IRQHandler
                0x08001dcc                USART6_IRQHandler
                0x08001dcc                USART3_IRQHandler
                0x08001dcc                CAN1_RX1_IRQHandler
                0x08001dcc                UART5_IRQHandler
                0x08001dcc                DMA2_Stream0_IRQHandler
                0x08001dcc                TIM4_IRQHandler
                0x08001dcc                I2C1_EV_IRQHandler
                0x08001dcc                DMA1_Stream6_IRQHandler
                0x08001dcc                DMA1_Stream1_IRQHandler
                0x08001dcc                UART4_IRQHandler
                0x08001dcc                TIM3_IRQHandler
                0x08001dcc                RCC_IRQHandler
                0x08001dcc                TIM8_BRK_TIM12_IRQHandler
                0x08001dcc                Default_Handler
                0x08001dcc                EXTI15_10_IRQHandler
                0x08001dcc                ADC_IRQHandler
                0x08001dcc                DMA1_Stream7_IRQHandler
                0x08001dcc                TIM7_IRQHandler
                0x08001dcc                CAN2_TX_IRQHandler
                0x08001dcc                TIM5_IRQHandler
                0x08001dcc                DMA2_Stream7_IRQHandler
                0x08001dcc                I2C3_EV_IRQHandler
                0x08001dcc                EXTI9_5_IRQHandler
                0x08001dcc                RTC_WKUP_IRQHandler
                0x08001dcc                ETH_WKUP_IRQHandler
                0x08001dcc                SPI2_IRQHandler
                0x08001dcc                OTG_HS_EP1_IN_IRQHandler
                0x08001dcc                DMA1_Stream0_IRQHandler
                0x08001dcc                CAN1_TX_IRQHandler
                0x08001dcc                EXTI4_IRQHandler
                0x08001dcc                FSMC_IRQHandler
                0x08001dcc                ETH_IRQHandler
                0x08001dcc                OTG_HS_EP1_OUT_IRQHandler
                0x08001dcc                WWDG_IRQHandler
                0x08001dcc                TIM2_IRQHandler
                0x08001dcc                OTG_FS_WKUP_IRQHandler
                0x08001dcc                TIM1_TRG_COM_TIM11_IRQHandler
                0x08001dcc                OTG_HS_IRQHandler
                0x08001dcc                EXTI1_IRQHandler
                0x08001dcc                USART2_IRQHandler
                0x08001dcc                I2C2_ER_IRQHandler
                0x08001dcc                DMA2_Stream1_IRQHandler
                0x08001dcc                CAN1_SCE_IRQHandler
                0x08001dcc                FLASH_IRQHandler
                0x08001dcc                DMA2_Stream4_IRQHandler
                0x08001dcc                USART1_IRQHandler
                0x08001dcc                OTG_FS_IRQHandler
                0x08001dcc                SPI3_IRQHandler
                0x08001dcc                DMA1_Stream4_IRQHandler
                0x08001dcc                I2C1_ER_IRQHandler
                0x08001dcc                DMA2_Stream6_IRQHandler
                0x08001dcc                DMA1_Stream3_IRQHandler
 *fill*         0x08001dce        0x2 
 .text.__libc_init_array
                0x08001dd0       0x48 c:/ac6/systemworkbench/plugins/fr.ac6.mcu.externaltools.arm-none.win32_1.17.0.201812190825/tools/compiler/bin/../lib/gcc/arm-none-eabi/7.3.1/../../../../arm-none-eabi/lib/thumb/v7e-m/fpv4-sp/hard\libc_nano.a(lib_a-init.o)
                0x08001dd0                __libc_init_array
 .text.memset   0x08001e18       0x10 c:/ac6/systemworkbench/plugins/fr.ac6.mcu.externaltools.arm-none.win32_1.17.0.201812190825/tools/compiler/bin/../lib/gcc/arm-none-eabi/7.3.1/../../../../arm-none-eabi/lib/thumb/v7e-m/fpv4-sp/hard\libc_nano.a(lib_a-memset.o)
                0x08001e18                memset
 *(.glue_7)
 .glue_7        0x08001e28        0x0 linker stubs
 *(.glue_7t)
 .glue_7t       0x08001e28        0x0 linker stubs
 *(.eh_frame)
 .eh_frame      0x08001e28        0x0 c:/ac6/systemworkbench/plugins/fr.ac6.mcu.externaltools.arm-none.win32_1.17.0.201812190825/tools/compiler/bin/../lib/gcc/arm-none-eabi/7.3.1/thumb/v7e-m/fpv4-sp/hard/crtbegin.o
 *(.init)
 .init          0x08001e28        0x4 c:/ac6/systemworkbench/plugins/fr.ac6.mcu.externaltools.arm-none.win32_1.17.0.201812190825/tools/compiler/bin/../lib/gcc/arm-none-eabi/7.3.1/thumb/v7e-m/fpv4-sp/hard/crti.o
                0x08001e28                _init
 .init          0x08001e2c        0x8 c:/ac6/systemworkbench/plugins/fr.ac6.mcu.externaltools.arm-none.win32_1.17.0.201812190825/tools/compiler/bin/../lib/gcc/arm-none-eabi/7.3.1/thumb/v7e-m/fpv4-sp/hard/crtn.o
 *(.fini)
 .fini          0x08001e34        0x4 c:/ac6/systemworkbench/plugins/fr.ac6.mcu.externaltools.arm-none.win32_1.17.0.201812190825/tools/compiler/bin/../lib/gcc/arm-none-eabi/7.3.1/thumb/v7e-m/fpv4-sp/hard/crti.o
                0x08001e34                _fini
 .fini          0x08001e38        0x8 c:/ac6/systemworkbench/plugins/fr.ac6.mcu.externaltools.arm-none.win32_1.17.0.201812190825/tools/compiler/bin/../lib/gcc/arm-none-eabi/7.3.1/thumb/v7e-m/fpv4-sp/hard/crtn.o
                0x08001e40                . = ALIGN (0x4)
                0x08001e40                _etext = .

.vfp11_veneer   0x08001e40        0x0
 .vfp11_veneer  0x08001e40        0x0 linker stubs

.v4_bx          0x08001e40        0x0
 .v4_bx         0x08001e40        0x0 linker stubs

.iplt           0x08001e40        0x0
 .iplt          0x08001e40        0x0 c:/ac6/systemworkbench/plugins/fr.ac6.mcu.externaltools.arm-none.win32_1.17.0.201812190825/tools/compiler/bin/../lib/gcc/arm-none-eabi/7.3.1/thumb/v7e-m/fpv4-sp/hard/crtbegin.o

.rodata         0x08001e40     0x2844
                0x08001e40                . = ALIGN (0x4)
 *(.rodata)
 .rodata        0x08001e40     0x2814 Core/Src/fonts.o
 .rodata        0x08004654       0x18 Core/Src/system_stm32f4xx.o
                0x08004654                AHBPrescTable
                0x08004664                APBPrescTable
 *(.rodata*)
 .rodata.str1.4
                0x0800466c       0x18 Core/Src/main.o
                                 0x15 (size before relaxing)
                0x08004684                . = ALIGN (0x4)

.ARM.extab
 *(.ARM.extab* .gnu.linkonce.armextab.*)

.ARM            0x08004684        0x8
                0x08004684                __exidx_start = .
 *(.ARM.exidx*)
 .ARM.exidx     0x08004684        0x8 c:/ac6/systemworkbench/plugins/fr.ac6.mcu.externaltools.arm-none.win32_1.17.0.201812190825/tools/compiler/bin/../lib/gcc/arm-none-eabi/7.3.1/thumb/v7e-m/fpv4-sp/hard\libgcc.a(_udivmoddi4.o)
                0x0800468c                __exidx_end = .

.rel.dyn        0x0800468c        0x0
 .rel.iplt      0x0800468c        0x0 c:/ac6/systemworkbench/plugins/fr.ac6.mcu.externaltools.arm-none.win32_1.17.0.201812190825/tools/compiler/bin/../lib/gcc/arm-none-eabi/7.3.1/thumb/v7e-m/fpv4-sp/hard/crtbegin.o

.preinit_array  0x0800468c        0x0
                0x0800468c                PROVIDE (__preinit_array_start = .)
 *(.preinit_array*)
                0x0800468c                PROVIDE (__preinit_array_end = .)

.init_array     0x0800468c        0x4
                0x0800468c                PROVIDE (__init_array_start = .)
 *(SORT_BY_NAME(.init_array.*))
 *(.init_array*)
 .init_array    0x0800468c        0x4 c:/ac6/systemworkbench/plugins/fr.ac6.mcu.externaltools.arm-none.win32_1.17.0.201812190825/tools/compiler/bin/../lib/gcc/arm-none-eabi/7.3.1/thumb/v7e-m/fpv4-sp/hard/crtbegin.o
                0x08004690                PROVIDE (__init_array_end = .)

.fini_array     0x08004690        0x4
                [!provide]                PROVIDE (__fini_array_start = .)
 *(SORT_BY_NAME(.fini_array.*))
 *(.fini_array*)
 .fini_array    0x08004690        0x4 c:/ac6/systemworkbench/plugins/fr.ac6.mcu.externaltools.arm-none.win32_1.17.0.201812190825/tools/compiler/bin/../lib/gcc/arm-none-eabi/7.3.1/thumb/v7e-m/fpv4-sp/hard/crtbegin.o
                [!provide]                PROVIDE (__fini_array_end = .)
                0x08004694                _sidata = LOADADDR (.data)

.data           0x20000000       0x24 load address 0x08004694
                0x20000000                . = ALIGN (0x4)
                0x20000000                _sdata = .
 *(.data)
 .data          0x20000000       0x18 Core/Src/fonts.o
                0x20000000                Font_16x26
                0x20000008                Font_11x18
                0x20000010                Font_7x10
 .data          0x20000018        0x4 Core/Src/system_stm32f4xx.o
                0x20000018                SystemCoreClock
 .data          0x2000001c        0x8 Drivers/STM32F4xx_HAL_Driver/Src/stm32f4xx_hal.o
                0x2000001c                uwTickFreq
                0x20000020                uwTickPrio
 *(.data*)
                0x20000024                . = ALIGN (0x4)
                0x20000024                _edata = .
                0x080046b8                _siccmram = LOADADDR (.ccmram)

.igot.plt       0x20000024        0x0 load address 0x080046b8
 .igot.plt      0x20000024        0x0 c:/ac6/systemworkbench/plugins/fr.ac6.mcu.externaltools.arm-none.win32_1.17.0.201812190825/tools/compiler/bin/../lib/gcc/arm-none-eabi/7.3.1/thumb/v7e-m/fpv4-sp/hard/crtbegin.o

.ccmram         0x10000000        0x0 load address 0x080046b8
                0x10000000                . = ALIGN (0x4)
                0x10000000                _sccmram = .
 *(.ccmram)
 *(.ccmram*)
                0x10000000                . = ALIGN (0x4)
                0x10000000                _eccmram = .
                0x10000000                . = ALIGN (0x4)

.bss            0x20000024      0x4bc
                0x20000024                _sbss = .
                0x20000024                __bss_start__ = _sbss
 *(.bss)
 .bss           0x20000024       0x1c c:/ac6/systemworkbench/plugins/fr.ac6.mcu.externaltools.arm-none.win32_1.17.0.201812190825/tools/compiler/bin/../lib/gcc/arm-none-eabi/7.3.1/thumb/v7e-m/fpv4-sp/hard/crtbegin.o
 .bss           0x20000040      0x406 Core/Src/oled.o
 *(.bss*)
 *(COMMON)
 *fill*         0x20000446        0x2 
 COMMON         0x20000448       0x54 Core/Src/i2c.o
                0x20000448                hi2c1
 COMMON         0x2000049c       0x40 Core/Src/usart.o
                0x2000049c                huart1
 COMMON         0x200004dc        0x4 Drivers/STM32F4xx_HAL_Driver/Src/stm32f4xx_hal.o
                0x200004dc                uwTick
                0x200004e0                . = ALIGN (0x4)
                0x200004e0                _ebss = .
                0x200004e0                __bss_end__ = _ebss

._user_heap_stack
                0x200004e0      0x600
                0x200004e0                . = ALIGN (0x8)
                [!provide]                PROVIDE (end = .)
                [!provide]                PROVIDE (_end = .)
                0x200006e0                . = (. + _Min_Heap_Size)
 *fill*         0x200004e0      0x200 
                0x20000ae0                . = (. + _Min_Stack_Size)
 *fill*         0x200006e0      0x400 
                0x20000ae0                . = ALIGN (0x8)

/DISCARD/
 libc.a(*)
 libm.a(*)
 libgcc.a(*)

.ARM.attributes
                0x00000000       0x30
 *(.ARM.attributes)
 .ARM.attributes
                0x00000000       0x22 c:/ac6/systemworkbench/plugins/fr.ac6.mcu.externaltools.arm-none.win32_1.17.0.201812190825/tools/compiler/bin/../lib/gcc/arm-none-eabi/7.3.1/thumb/v7e-m/fpv4-sp/hard/crti.o
 .ARM.attributes
                0x00000022       0x34 c:/ac6/systemworkbench/plugins/fr.ac6.mcu.externaltools.arm-none.win32_1.17.0.201812190825/tools/compiler/bin/../lib/gcc/arm-none-eabi/7.3.1/thumb/v7e-m/fpv4-sp/hard/crtbegin.o
 .ARM.attributes
                0x00000056       0x39 Core/Src/fonts.o
 .ARM.attributes
                0x0000008f       0x39 Core/Src/gpio.o
 .ARM.attributes
                0x000000c8       0x39 Core/Src/i2c.o
 .ARM.attributes
                0x00000101       0x39 Core/Src/main.o
 .ARM.attributes
                0x0000013a       0x39 Core/Src/oled.o
 .ARM.attributes
                0x00000173       0x39 Core/Src/stm32f4xx_hal_msp.o
 .ARM.attributes
                0x000001ac       0x39 Core/Src/stm32f4xx_it.o
 .ARM.attributes
                0x000001e5       0x39 Core/Src/system_stm32f4xx.o
 .ARM.attributes
                0x0000021e       0x39 Core/Src/usart.o
 .ARM.attributes
                0x00000257       0x39 Drivers/STM32F4xx_HAL_Driver/Src/stm32f4xx_hal.o
 .ARM.attributes
                0x00000290       0x39 Drivers/STM32F4xx_HAL_Driver/Src/stm32f4xx_hal_cortex.o
 .ARM.attributes
                0x000002c9       0x39 Drivers/STM32F4xx_HAL_Driver/Src/stm32f4xx_hal_gpio.o
 .ARM.attributes
                0x00000302       0x39 Drivers/STM32F4xx_HAL_Driver/Src/stm32f4xx_hal_i2c.o
 .ARM.attributes
                0x0000033b       0x39 Drivers/STM32F4xx_HAL_Driver/Src/stm32f4xx_hal_rcc.o
 .ARM.attributes
                0x00000374       0x39 Drivers/STM32F4xx_HAL_Driver/Src/stm32f4xx_hal_uart.o
 .ARM.attributes
                0x000003ad       0x21 startup/startup_stm32f407xx.o
 .ARM.attributes
                0x000003ce       0x22 c:/ac6/systemworkbench/plugins/fr.ac6.mcu.externaltools.arm-none.win32_1.17.0.201812190825/tools/compiler/bin/../lib/gcc/arm-none-eabi/7.3.1/thumb/v7e-m/fpv4-sp/hard\libgcc.a(_aeabi_uldivmod.o)
 .ARM.attributes
                0x000003f0       0x34 c:/ac6/systemworkbench/plugins/fr.ac6.mcu.externaltools.arm-none.win32_1.17.0.201812190825/tools/compiler/bin/../lib/gcc/arm-none-eabi/7.3.1/thumb/v7e-m/fpv4-sp/hard\libgcc.a(_udivmoddi4.o)
 .ARM.attributes
                0x00000424       0x22 c:/ac6/systemworkbench/plugins/fr.ac6.mcu.externaltools.arm-none.win32_1.17.0.201812190825/tools/compiler/bin/../lib/gcc/arm-none-eabi/7.3.1/thumb/v7e-m/fpv4-sp/hard\libgcc.a(_dvmd_tls.o)
 .ARM.attributes
                0x00000446       0x34 c:/ac6/systemworkbench/plugins/fr.ac6.mcu.externaltools.arm-none.win32_1.17.0.201812190825/tools/compiler/bin/../lib/gcc/arm-none-eabi/7.3.1/../../../../arm-none-eabi/lib/thumb/v7e-m/fpv4-sp/hard\libc_nano.a(lib_a-init.o)
 .ARM.attributes
                0x0000047a       0x34 c:/ac6/systemworkbench/plugins/fr.ac6.mcu.externaltools.arm-none.win32_1.17.0.201812190825/tools/compiler/bin/../lib/gcc/arm-none-eabi/7.3.1/../../../../arm-none-eabi/lib/thumb/v7e-m/fpv4-sp/hard\libc_nano.a(lib_a-memset.o)
 .ARM.attributes
                0x000004ae       0x22 c:/ac6/systemworkbench/plugins/fr.ac6.mcu.externaltools.arm-none.win32_1.17.0.201812190825/tools/compiler/bin/../lib/gcc/arm-none-eabi/7.3.1/thumb/v7e-m/fpv4-sp/hard/crtn.o
OUTPUT(SDK_OLED.elf elf32-littlearm)

.debug_info     0x00000000    0x128a2
 .debug_info    0x00000000      0xa4d Core/Src/fonts.o
 .debug_info    0x00000a4d      0xc8e Core/Src/gpio.o
 .debug_info    0x000016db     0x1232 Core/Src/i2c.o
 .debug_info    0x0000290d     0x1647 Core/Src/main.o
 .debug_info    0x00003f54     0x1434 Core/Src/oled.o
 .debug_info    0x00005388      0xb32 Core/Src/stm32f4xx_hal_msp.o
 .debug_info    0x00005eba      0x9ee Core/Src/stm32f4xx_it.o
 .debug_info    0x000068a8      0xd29 Core/Src/system_stm32f4xx.o
 .debug_info    0x000075d1     0x119f Core/Src/usart.o
 .debug_info    0x00008770     0x11d9 Drivers/STM32F4xx_HAL_Driver/Src/stm32f4xx_hal.o
 .debug_info    0x00009949     0x1755 Drivers/STM32F4xx_HAL_Driver/Src/stm32f4xx_hal_cortex.o
 .debug_info    0x0000b09e      0xf93 Drivers/STM32F4xx_HAL_Driver/Src/stm32f4xx_hal_gpio.o
 .debug_info    0x0000c031     0x36da Drivers/STM32F4xx_HAL_Driver/Src/stm32f4xx_hal_i2c.o
 .debug_info    0x0000f70b     0x125b Drivers/STM32F4xx_HAL_Driver/Src/stm32f4xx_hal_rcc.o
 .debug_info    0x00010966     0x1f1a Drivers/STM32F4xx_HAL_Driver/Src/stm32f4xx_hal_uart.o
 .debug_info    0x00012880       0x22 startup/startup_stm32f407xx.o

.debug_abbrev   0x00000000     0x268b
 .debug_abbrev  0x00000000      0x1ba Core/Src/fonts.o
 .debug_abbrev  0x000001ba      0x204 Core/Src/gpio.o
 .debug_abbrev  0x000003be      0x263 Core/Src/i2c.o
 .debug_abbrev  0x00000621      0x28e Core/Src/main.o
 .debug_abbrev  0x000008af      0x2c4 Core/Src/oled.o
 .debug_abbrev  0x00000b73      0x1e3 Core/Src/stm32f4xx_hal_msp.o
 .debug_abbrev  0x00000d56      0x1e7 Core/Src/stm32f4xx_it.o
 .debug_abbrev  0x00000f3d      0x205 Core/Src/system_stm32f4xx.o
 .debug_abbrev  0x00001142      0x263 Core/Src/usart.o
 .debug_abbrev  0x000013a5      0x2e5 Drivers/STM32F4xx_HAL_Driver/Src/stm32f4xx_hal.o
 .debug_abbrev  0x0000168a      0x3d6 Drivers/STM32F4xx_HAL_Driver/Src/stm32f4xx_hal_cortex.o
 .debug_abbrev  0x00001a60      0x2a7 Drivers/STM32F4xx_HAL_Driver/Src/stm32f4xx_hal_gpio.o
 .debug_abbrev  0x00001d07      0x2fb Drivers/STM32F4xx_HAL_Driver/Src/stm32f4xx_hal_i2c.o
 .debug_abbrev  0x00002002      0x333 Drivers/STM32F4xx_HAL_Driver/Src/stm32f4xx_hal_rcc.o
 .debug_abbrev  0x00002335      0x344 Drivers/STM32F4xx_HAL_Driver/Src/stm32f4xx_hal_uart.o
 .debug_abbrev  0x00002679       0x12 startup/startup_stm32f407xx.o

.debug_aranges  0x00000000      0x890
 .debug_aranges
                0x00000000       0x18 Core/Src/fonts.o
 .debug_aranges
                0x00000018       0x20 Core/Src/gpio.o
 .debug_aranges
                0x00000038       0x30 Core/Src/i2c.o
 .debug_aranges
                0x00000068       0x30 Core/Src/main.o
 .debug_aranges
                0x00000098       0x58 Core/Src/oled.o
 .debug_aranges
                0x000000f0       0x20 Core/Src/stm32f4xx_hal_msp.o
 .debug_aranges
                0x00000110       0x60 Core/Src/stm32f4xx_it.o
 .debug_aranges
                0x00000170       0x28 Core/Src/system_stm32f4xx.o
 .debug_aranges
                0x00000198       0x30 Core/Src/usart.o
 .debug_aranges
                0x000001c8       0xe0 Drivers/STM32F4xx_HAL_Driver/Src/stm32f4xx_hal.o
 .debug_aranges
                0x000002a8       0xa8 Drivers/STM32F4xx_HAL_Driver/Src/stm32f4xx_hal_cortex.o
 .debug_aranges
                0x00000350       0x58 Drivers/STM32F4xx_HAL_Driver/Src/stm32f4xx_hal_gpio.o
 .debug_aranges
                0x000003a8      0x268 Drivers/STM32F4xx_HAL_Driver/Src/stm32f4xx_hal_i2c.o
 .debug_aranges
                0x00000610       0x88 Drivers/STM32F4xx_HAL_Driver/Src/stm32f4xx_hal_rcc.o
 .debug_aranges
                0x00000698      0x1d0 Drivers/STM32F4xx_HAL_Driver/Src/stm32f4xx_hal_uart.o
 .debug_aranges
                0x00000868       0x28 startup/startup_stm32f407xx.o

.debug_macro    0x00000000    0x21546
 .debug_macro   0x00000000      0x322 Core/Src/fonts.o
 .debug_macro   0x00000322      0xa60 Core/Src/fonts.o
 .debug_macro   0x00000d82      0x186 Core/Src/fonts.o
 .debug_macro   0x00000f08       0x32 Core/Src/fonts.o
 .debug_macro   0x00000f3a       0x2f Core/Src/fonts.o
 .debug_macro   0x00000f69       0x22 Core/Src/fonts.o
 .debug_macro   0x00000f8b       0x8e Core/Src/fonts.o
 .debug_macro   0x00001019       0x51 Core/Src/fonts.o
 .debug_macro   0x0000106a       0xef Core/Src/fonts.o
 .debug_macro   0x00001159       0x6a Core/Src/fonts.o
 .debug_macro   0x000011c3      0x1df Core/Src/fonts.o
 .debug_macro   0x000013a2       0x35 Core/Src/fonts.o
 .debug_macro   0x000013d7       0x50 Core/Src/fonts.o
 .debug_macro   0x00001427      0xe66 Core/Src/fonts.o
 .debug_macro   0x0000228d    0x15d08 Core/Src/fonts.o
 .debug_macro   0x00017f95       0x43 Core/Src/fonts.o
 .debug_macro   0x00017fd8     0x3535 Core/Src/fonts.o
 .debug_macro   0x0001b50d       0x5e Core/Src/fonts.o
 .debug_macro   0x0001b56b       0x18 Core/Src/fonts.o
 .debug_macro   0x0001b583       0x35 Core/Src/fonts.o
 .debug_macro   0x0001b5b8       0x34 Core/Src/fonts.o
 .debug_macro   0x0001b5ec       0x16 Core/Src/fonts.o
 .debug_macro   0x0001b602       0x97 Core/Src/fonts.o
 .debug_macro   0x0001b699      0x330 Core/Src/fonts.o
 .debug_macro   0x0001b9c9       0xfd Core/Src/fonts.o
 .debug_macro   0x0001bac6       0x10 Core/Src/fonts.o
 .debug_macro   0x0001bad6       0x58 Core/Src/fonts.o
 .debug_macro   0x0001bb2e       0x1f Core/Src/fonts.o
 .debug_macro   0x0001bb4d       0x43 Core/Src/fonts.o
 .debug_macro   0x0001bb90       0x20 Core/Src/fonts.o
 .debug_macro   0x0001bbb0      0x18e Core/Src/fonts.o
 .debug_macro   0x0001bd3e       0x10 Core/Src/fonts.o
 .debug_macro   0x0001bd4e       0x1c Core/Src/fonts.o
 .debug_macro   0x0001bd6a       0x52 Core/Src/fonts.o
 .debug_macro   0x0001bdbc       0x40 Core/Src/fonts.o
 .debug_macro   0x0001bdfc       0x10 Core/Src/fonts.o
 .debug_macro   0x0001be0c       0x40 Core/Src/fonts.o
 .debug_macro   0x0001be4c       0xd7 Core/Src/fonts.o
 .debug_macro   0x0001bf23       0x1c Core/Src/fonts.o
 .debug_macro   0x0001bf3f       0x3d Core/Src/fonts.o
 .debug_macro   0x0001bf7c       0x16 Core/Src/fonts.o
 .debug_macro   0x0001bf92      0x16f Core/Src/fonts.o
 .debug_macro   0x0001c101       0x50 Core/Src/fonts.o
 .debug_macro   0x0001c151      0x96b Core/Src/fonts.o
 .debug_macro   0x0001cabc      0xa02 Core/Src/fonts.o
 .debug_macro   0x0001d4be      0x11e Core/Src/fonts.o
 .debug_macro   0x0001d5dc      0x13e Core/Src/fonts.o
 .debug_macro   0x0001d71a       0x27 Core/Src/fonts.o
 .debug_macro   0x0001d741      0x287 Core/Src/fonts.o
 .debug_macro   0x0001d9c8       0x5f Core/Src/fonts.o
 .debug_macro   0x0001da27      0x23a Core/Src/fonts.o
 .debug_macro   0x0001dc61      0x133 Core/Src/fonts.o
 .debug_macro   0x0001dd94      0x21e Core/Src/fonts.o
 .debug_macro   0x0001dfb2       0x2e Core/Src/fonts.o
 .debug_macro   0x0001dfe0      0x1a7 Core/Src/fonts.o
 .debug_macro   0x0001e187       0xa5 Core/Src/fonts.o
 .debug_macro   0x0001e22c      0x11e Core/Src/fonts.o
 .debug_macro   0x0001e34a       0x7f Core/Src/fonts.o
 .debug_macro   0x0001e3c9       0x89 Core/Src/fonts.o
 .debug_macro   0x0001e452      0x287 Core/Src/fonts.o
 .debug_macro   0x0001e6d9      0x134 Core/Src/fonts.o
 .debug_macro   0x0001e80d      0x32c Core/Src/gpio.o
 .debug_macro   0x0001eb39      0x32c Core/Src/i2c.o
 .debug_macro   0x0001ee65      0x35b Core/Src/main.o
 .debug_macro   0x0001f1c0       0x22 Core/Src/main.o
 .debug_macro   0x0001f1e2      0x33f Core/Src/oled.o
 .debug_macro   0x0001f521      0x322 Core/Src/stm32f4xx_hal_msp.o
 .debug_macro   0x0001f843      0x32c Core/Src/stm32f4xx_it.o
 .debug_macro   0x0001fb6f      0x31e Core/Src/system_stm32f4xx.o
 .debug_macro   0x0001fe8d      0x32c Core/Src/usart.o
 .debug_macro   0x000201b9      0x378 Drivers/STM32F4xx_HAL_Driver/Src/stm32f4xx_hal.o
 .debug_macro   0x00020531      0x318 Drivers/STM32F4xx_HAL_Driver/Src/stm32f4xx_hal_cortex.o
 .debug_macro   0x00020849      0x350 Drivers/STM32F4xx_HAL_Driver/Src/stm32f4xx_hal_gpio.o
 .debug_macro   0x00020b99      0x358 Drivers/STM32F4xx_HAL_Driver/Src/stm32f4xx_hal_i2c.o
 .debug_macro   0x00020ef1      0x33c Drivers/STM32F4xx_HAL_Driver/Src/stm32f4xx_hal_rcc.o
 .debug_macro   0x0002122d      0x319 Drivers/STM32F4xx_HAL_Driver/Src/stm32f4xx_hal_uart.o

.debug_line     0x00000000     0x9761
 .debug_line    0x00000000      0x773 Core/Src/fonts.o
 .debug_line    0x00000773      0x792 Core/Src/gpio.o
 .debug_line    0x00000f05      0x7ce Core/Src/i2c.o
 .debug_line    0x000016d3      0x82c Core/Src/main.o
 .debug_line    0x00001eff      0x8be Core/Src/oled.o
 .debug_line    0x000027bd      0x791 Core/Src/stm32f4xx_hal_msp.o
 .debug_line    0x00002f4e      0x821 Core/Src/stm32f4xx_it.o
 .debug_line    0x0000376f      0x7b8 Core/Src/system_stm32f4xx.o
 .debug_line    0x00003f27      0x7d1 Core/Src/usart.o
 .debug_line    0x000046f8      0x96c Drivers/STM32F4xx_HAL_Driver/Src/stm32f4xx_hal.o
 .debug_line    0x00005064      0x9c7 Drivers/STM32F4xx_HAL_Driver/Src/stm32f4xx_hal_cortex.o
 .debug_line    0x00005a2b      0x90f Drivers/STM32F4xx_HAL_Driver/Src/stm32f4xx_hal_gpio.o
 .debug_line    0x0000633a     0x1910 Drivers/STM32F4xx_HAL_Driver/Src/stm32f4xx_hal_i2c.o
 .debug_line    0x00007c4a      0xa01 Drivers/STM32F4xx_HAL_Driver/Src/stm32f4xx_hal_rcc.o
 .debug_line    0x0000864b     0x1097 Drivers/STM32F4xx_HAL_Driver/Src/stm32f4xx_hal_uart.o
 .debug_line    0x000096e2       0x7f startup/startup_stm32f407xx.o

.debug_str      0x00000000    0xbeb29
 .debug_str     0x00000000    0xbbbec Core/Src/fonts.o
                              0xbbebc (size before relaxing)
 .debug_str     0x000bbbec      0x1a2 Core/Src/gpio.o
                              0xbbff4 (size before relaxing)
 .debug_str     0x000bbd8e      0x517 Core/Src/i2c.o
                              0xbc53b (size before relaxing)
 .debug_str     0x000bc2a5      0x3ec Core/Src/main.o
                              0xbc8c2 (size before relaxing)
 .debug_str     0x000bc691       0xb2 Core/Src/oled.o
                              0xbc4c8 (size before relaxing)
 .debug_str     0x000bc743       0x2c Core/Src/stm32f4xx_hal_msp.o
                              0xbbf67 (size before relaxing)
 .debug_str     0x000bc76f       0xc9 Core/Src/stm32f4xx_it.o
                              0xbbf01 (size before relaxing)
 .debug_str     0x000bc838       0xc4 Core/Src/system_stm32f4xx.o
                              0xbbfee (size before relaxing)
 .debug_str     0x000bc8fc       0x51 Core/Src/usart.o
                              0xbc467 (size before relaxing)
 .debug_str     0x000bc94d      0xadc Drivers/STM32F4xx_HAL_Driver/Src/stm32f4xx_hal.o
                              0xbcb58 (size before relaxing)
 .debug_str     0x000bd429      0x35a Drivers/STM32F4xx_HAL_Driver/Src/stm32f4xx_hal_cortex.o
                              0xbc89a (size before relaxing)
 .debug_str     0x000bd783      0x20a Drivers/STM32F4xx_HAL_Driver/Src/stm32f4xx_hal_gpio.o
                              0xbc22d (size before relaxing)
 .debug_str     0x000bd98d      0xa69 Drivers/STM32F4xx_HAL_Driver/Src/stm32f4xx_hal_i2c.o
                              0xbce33 (size before relaxing)
 .debug_str     0x000be3f6      0x1f6 Drivers/STM32F4xx_HAL_Driver/Src/stm32f4xx_hal_rcc.o
                              0xbc3f7 (size before relaxing)
 .debug_str     0x000be5ec      0x50e Drivers/STM32F4xx_HAL_Driver/Src/stm32f4xx_hal_uart.o
                              0xbc872 (size before relaxing)
 .debug_str     0x000beafa       0x2f startup/startup_stm32f407xx.o
                                 0x54 (size before relaxing)

.comment        0x00000000       0x7f
 .comment       0x00000000       0x7f Core/Src/fonts.o
                                 0x80 (size before relaxing)
 .comment       0x0000007f       0x80 Core/Src/gpio.o
 .comment       0x0000007f       0x80 Core/Src/i2c.o
 .comment       0x0000007f       0x80 Core/Src/main.o
 .comment       0x0000007f       0x80 Core/Src/oled.o
 .comment       0x0000007f       0x80 Core/Src/stm32f4xx_hal_msp.o
 .comment       0x0000007f       0x80 Core/Src/stm32f4xx_it.o
 .comment       0x0000007f       0x80 Core/Src/system_stm32f4xx.o
 .comment       0x0000007f       0x80 Core/Src/usart.o
 .comment       0x0000007f       0x80 Drivers/STM32F4xx_HAL_Driver/Src/stm32f4xx_hal.o
 .comment       0x0000007f       0x80 Drivers/STM32F4xx_HAL_Driver/Src/stm32f4xx_hal_cortex.o
 .comment       0x0000007f       0x80 Drivers/STM32F4xx_HAL_Driver/Src/stm32f4xx_hal_gpio.o
 .comment       0x0000007f       0x80 Drivers/STM32F4xx_HAL_Driver/Src/stm32f4xx_hal_i2c.o
 .comment       0x0000007f       0x80 Drivers/STM32F4xx_HAL_Driver/Src/stm32f4xx_hal_rcc.o
 .comment       0x0000007f       0x80 Drivers/STM32F4xx_HAL_Driver/Src/stm32f4xx_hal_uart.o

.debug_ranges   0x00000000      0x808
 .debug_ranges  0x00000000       0x10 Core/Src/gpio.o
 .debug_ranges  0x00000010       0x20 Core/Src/i2c.o
 .debug_ranges  0x00000030       0x20 Core/Src/main.o
 .debug_ranges  0x00000050       0x48 Core/Src/oled.o
 .debug_ranges  0x00000098       0x10 Core/Src/stm32f4xx_hal_msp.o
 .debug_ranges  0x000000a8       0x50 Core/Src/stm32f4xx_it.o
 .debug_ranges  0x000000f8       0x18 Core/Src/system_stm32f4xx.o
 .debug_ranges  0x00000110       0x20 Core/Src/usart.o
 .debug_ranges  0x00000130       0xd0 Drivers/STM32F4xx_HAL_Driver/Src/stm32f4xx_hal.o
 .debug_ranges  0x00000200       0xf8 Drivers/STM32F4xx_HAL_Driver/Src/stm32f4xx_hal_cortex.o
 .debug_ranges  0x000002f8       0x48 Drivers/STM32F4xx_HAL_Driver/Src/stm32f4xx_hal_gpio.o
 .debug_ranges  0x00000340      0x258 Drivers/STM32F4xx_HAL_Driver/Src/stm32f4xx_hal_i2c.o
 .debug_ranges  0x00000598       0x90 Drivers/STM32F4xx_HAL_Driver/Src/stm32f4xx_hal_rcc.o
 .debug_ranges  0x00000628      0x1c0 Drivers/STM32F4xx_HAL_Driver/Src/stm32f4xx_hal_uart.o
 .debug_ranges  0x000007e8       0x20 startup/startup_stm32f407xx.o

.debug_frame    0x00000000     0x16bc
 .debug_frame   0x00000000       0x2c Core/Src/gpio.o
 .debug_frame   0x0000002c       0x64 Core/Src/i2c.o
 .debug_frame   0x00000090       0x58 Core/Src/main.o
 .debug_frame   0x000000e8       0xe8 Core/Src/oled.o
 .debug_frame   0x000001d0       0x28 Core/Src/stm32f4xx_hal_msp.o
 .debug_frame   0x000001f8       0xa8 Core/Src/stm32f4xx_it.o
 .debug_frame   0x000002a0       0x30 Core/Src/system_stm32f4xx.o
 .debug_frame   0x000002d0       0x60 Core/Src/usart.o
 .debug_frame   0x00000330      0x1cc Drivers/STM32F4xx_HAL_Driver/Src/stm32f4xx_hal.o
 .debug_frame   0x000004fc      0x15c Drivers/STM32F4xx_HAL_Driver/Src/stm32f4xx_hal_cortex.o
 .debug_frame   0x00000658       0xd8 Drivers/STM32F4xx_HAL_Driver/Src/stm32f4xx_hal_gpio.o
 .debug_frame   0x00000730      0x86c Drivers/STM32F4xx_HAL_Driver/Src/stm32f4xx_hal_i2c.o
 .debug_frame   0x00000f9c      0x184 Drivers/STM32F4xx_HAL_Driver/Src/stm32f4xx_hal_rcc.o
 .debug_frame   0x00001120      0x4f0 Drivers/STM32F4xx_HAL_Driver/Src/stm32f4xx_hal_uart.o
 .debug_frame   0x00001610       0x2c c:/ac6/systemworkbench/plugins/fr.ac6.mcu.externaltools.arm-none.win32_1.17.0.201812190825/tools/compiler/bin/../lib/gcc/arm-none-eabi/7.3.1/thumb/v7e-m/fpv4-sp/hard\libgcc.a(_aeabi_uldivmod.o)
 .debug_frame   0x0000163c       0x34 c:/ac6/systemworkbench/plugins/fr.ac6.mcu.externaltools.arm-none.win32_1.17.0.201812190825/tools/compiler/bin/../lib/gcc/arm-none-eabi/7.3.1/thumb/v7e-m/fpv4-sp/hard\libgcc.a(_udivmoddi4.o)
 .debug_frame   0x00001670       0x2c c:/ac6/systemworkbench/plugins/fr.ac6.mcu.externaltools.arm-none.win32_1.17.0.201812190825/tools/compiler/bin/../lib/gcc/arm-none-eabi/7.3.1/../../../../arm-none-eabi/lib/thumb/v7e-m/fpv4-sp/hard\libc_nano.a(lib_a-init.o)
 .debug_frame   0x0000169c       0x20 c:/ac6/systemworkbench/plugins/fr.ac6.mcu.externaltools.arm-none.win32_1.17.0.201812190825/tools/compiler/bin/../lib/gcc/arm-none-eabi/7.3.1/../../../../arm-none-eabi/lib/thumb/v7e-m/fpv4-sp/hard\libc_nano.a(lib_a-memset.o)

.debug_loc      0x00000000     0x5a56
 .debug_loc     0x00000000       0x74 Core/Src/i2c.o
 .debug_loc     0x00000074      0x23b Core/Src/oled.o
 .debug_loc     0x000002af      0x13e Core/Src/system_stm32f4xx.o
 .debug_loc     0x000003ed       0x74 Core/Src/usart.o
 .debug_loc     0x00000461       0xfd Drivers/STM32F4xx_HAL_Driver/Src/stm32f4xx_hal.o
 .debug_loc     0x0000055e      0x5ce Drivers/STM32F4xx_HAL_Driver/Src/stm32f4xx_hal_cortex.o
 .debug_loc     0x00000b2c      0x469 Drivers/STM32F4xx_HAL_Driver/Src/stm32f4xx_hal_gpio.o
 .debug_loc     0x00000f95     0x3145 Drivers/STM32F4xx_HAL_Driver/Src/stm32f4xx_hal_i2c.o
 .debug_loc     0x000040da      0x3f1 Drivers/STM32F4xx_HAL_Driver/Src/stm32f4xx_hal_rcc.o
 .debug_loc     0x000044cb     0x158b Drivers/STM32F4xx_HAL_Driver/Src/stm32f4xx_hal_uart.o
